bun test v1.3.14 (0d9b296a)

.tmp_test.mjs:
LOADED transformers.node.mjs
[wrap] proxied: false inputs keys: [ "a", "b" ] session.inputNames: [ "a", "b" ]
[wrap] input key: a v is Tensor2: true v.ort_tensor: Tensor {
  cpuData: Float32Array(16080) [ 0, 0.02486259490251541, 0, 0, 0, 0, 0, 0, 0, 0, 0, 0, 0, 0, 0, 0, 0, 0, 0, 0, 0, 0, 0, 0, 0, 0, 0, 0, 0, 0, 0, 0, 0, 0, 0, 0, 0, 0, 0, 0, 0, 0, 0, 0, 0, 0, 0, 0, 0, 0, 0, 0, 0, 0, 0, 0, 0, 0, 0, 0, 0, 0, 0, 0, 0, 0, 0, 0, 0, 0, 0, 0, 0, 0, 0, 0, 0, 0, 0, 0, 0, 0, 0, 0, 0, 0, 0, 0, 0, 0, 0, 0, 0, 0, 0, 0, 0, 0, 0, 0, 0, 0, 0, 0, 0, 0, 0, 0, 0, 0, 0, 0, 0, 0, 0, 0, 0, 0, 0, 0, 0, 0, 0, 0, 0, 0, 0, 0, 0, 0, 0, 0, 0, 0, 0, 0, 0, 0, 0, 0, 0, 0, 0, 0, 0, 0, 0, 0, 0, 0, 0, 0, 0, 0, 0, 0, 0, 0, 0, 0, 0, 0, 0, 0, 0, 0, 0, 0, 0, 0, 0, 0, 0, 0, 0, 0, 0, 0, 0, 0, 0, 0, 0, 0, 0, 0, 0, 0, 0, 0, 0, 0, 0, 0, 0, 0, 0, 0, 0, 0, 0, 0, 0.001990821911022067, 0.022871771827340126, 0, 0, 0, 0, 0, 0, 0, 0, 0, 0, 0, 0, 0, 0, 0, 0, 0, 0, 0, 0, 0, 0, 0, 0, 0, 0, 0, 0, 0, 0, 0, 0, 0, 0, 0, 0, 0, 0, 0, 0, 0, 0, 0, 0, 0, 0, 0, 0, 0, 0, 0, 0, 0, 0, 0, 0, 0, 0, 0, 0, 0, 0, 0, 0, 0, 0, 0, 0, 0, 0, 0, 0, 0, 0, 0, 0, 0, 0, 0, 0, 0, 0, 0, 0, 0, 0, 0, 0, 0, 0, 0, 0, 0, 0, 0, 0, 0, 0, 0, 0, 0, 0, 0, 0, 0, 0, 0, 0, 0, 0, 0, 0, 0, 0, 0, 0, 0, 0, 0, 0, 0, 0, 0, 0, 0, 0, 0, 0, 0, 0, 0, 0, 0, 0, 0, 0, 0, 0, 0, 0, 0, 0, 0, 0, 0, 0, 0, 0, 0, 0, 0, 0, 0, 0, 0, 0, 0, 0, 0, 0, 0, 0, 0, 0, 0, 0, 0, 0, 0, 0, 0, 0, 0, 0, 0, 0, 0, 0, 0, 0, 0, 0, 0, 0, 0, 0, 0, 0, 0, 0, 0, 0, 0, 0, 0, 0, 0, 0, 0, 0, 0.003981643822044134, 0.02088095061480999, 0, 0, 0, 0, 0, 0, 0, 0, 0, 0, 0, 0, 0, 0, 0, 0, 0, 0, 0, 0, 0, 0, 0, 0, 0, 0, 0, 0, 0, 0, 0, 0, 0, 0, 0, 0, 0, 0, 0, 0, 0, 0, 0, 0, 0, 0, 0, 0, 0, 0, 0, 0, 0, 0, 0, 0, 0, 0, 0, 0, 0, 0, 0, 0, 0, 0, 0, 0, 0, 0, 0, 0, 0, 0, 0, 0, 0, 0, 0, 0, 0, 0, 0, 0, 0, 0, 0, 0, 0, 0, 0, 0, 0, 0, 0, 0, 0, 0, 0, 0, 0, 0, 0, 0, 0, 0, 0, ... 15567 more ],
  dataLocation: "cpu",
  type: "float32",
  dims: [ 80, 201 ],
  size: 16080,
  toDataURL: [Function: toDataURL],
  toImageData: [Function: toImageData],
  data: [Getter],
  location: [Getter],
  texture: [Getter],
  gpuBuffer: [Getter],
  mlTensor: [Getter],
  getData: [AsyncFunction: getData],
  dispose: [Function: dispose],
  ensureValid: [Function: ensureValid],
  reshape: [Function: reshape],
} v.ort_tensor.type: float32 v.ort_tensor.location: cpu v.ort_tensor.dataLocation: cpu
[wrap] input key: b v is Tensor2: true v.ort_tensor: Tensor {
  cpuData: Float32Array(603000) [ 0, 0, 0, 0, 0, 0, 0, 0, 0, 0, 0, 0, 0, 0, 0, 0, 0, 0, 0, 0, 0, 0, 0, 0, 0, 0, 0, 0, 0, 0, 0, 0, 0, 0, 0, 0, 0, 0, 0, 0, 0, 0, 0, 0, 0, 0, 0, 0, 0, 0, 0, 0, 0, 0, 0, 0, 0, 0, 0, 0, 0, 0, 0, 0, 0, 0, 0, 0, 0, 0, 0, 0, 0, 0, 0, 0, 0, 0, 0, 0, 0, 0, 0, 0, 0, 0, 0, 0, 0, 0, 0, 0, 0, 0, 0, 0, 0, 0, 0, 0, 0, 0, 0, 0, 0, 0, 0, 0, 0, 0, 0, 0, 0, 0, 0, 0, 0, 0, 0, 0, 0, 0, 0, 0, 0, 0, 0, 0, 0, 0, 0, 0, 0, 0, 0, 0, 0, 0, 0, 0, 0, 0, 0, 0, 0, 0, 0, 0, 0, 0, 0, 0, 0, 0, 0, 0, 0, 0, 0, 0, 0, 0, 0, 0, 0, 0, 0, 0, 0, 0, 0, 0, 0, 0, 0, 0, 0, 0, 0, 0, 0, 0, 0, 0, 0, 0, 0, 0, 0, 0, 0, 0, 0, 0, 0, 0, 0, 0, 0, 0, 0, 0, 0, 0, 0, 0, 0, 0, 0, 0, 0, 0, 0, 0, 0, 0, 0, 0, 0, 0, 0, 0, 0, 0, 0, 0, 0, 0, 0, 0, 0, 0, 0, 0, 0, 0, 0, 0, 0, 0, 0, 0, 0, 0, 0, 0, 0, 0, 0, 0, 0, 0, 0, 0, 0, 0, 0, 0, 0, 0, 0, 0, 0, 0, 0, 0, 0, 0, 0, 0, 0, 0, 0, 0, 0, 0, 0, 0, 0, 0, 0, 0, 0, 0, 0, 0, 0, 0, 0, 0, 0, 0, 0, 0, 0, 0, 0, 0, 0, 0, 0, 0, 0, 0, 0, 0, 0, 0, 0, 0, 0, 0, 0, 0, 0, 0, 0, 0, 0, 0, 0, 0, 0, 0, 0, 0, 0, 0, 0, 0, 0, 0, 0, 0, 0, 0, 0, 0, 0, 0, 0, 0, 0, 0, 0, 0, 0, 0, 0, 0, 0, 0, 0, 0, 0, 0, 0, 0, 0, 0, 0, 0, 0, 0, 0, 0, 0, 0, 0, 0, 0, 0, 0, 0, 0, 0, 0, 0, 0, 0, 0, 0, 0, 0, 0, 0, 0, 0, 0, 0, 0, 0, 0, 0, 0, 0, 0, 0, 0, 0, 0, 0, 0, 0, 0, 0, 0, 0, 0, 0, 0, 0, 0, 0, 0, 0, 0, 0, 0, 0, 0, 0, 0, 0, 0, 0, 0, 0, 0, 0, 0, 0, 0, 0, 0, 0, 0, 0, 0, 0, 0, 0, 0, 0, 0, 0, 0, 0, 0, 0, 0, 0, 0, 0, 0, 0, 0, 0, 0, 0, 0, 0, 0, 0, 0, 0, 0, 0, 0, 0, 0, 0, 0, 0, 0, 0, 0, 0, 0, 0, 0, 0, 0, 0, 0, 0, 0, 0, 0, 0, 0, 0, 0, 0, 0, 0, 0, 0, 0, 0, 0, 0, 0, 0, 0, 0, 0, 0, 0, 0, 0, 0, 0, ... 602487 more ],
  dataLocation: "cpu",
  type: "float32",
  dims: [ 201, 3000 ],
  size: 603000,
  toDataURL: [Function: toDataURL],
  toImageData: [Function: toImageData],
  data: [Getter],
  location: [Getter],
  texture: [Getter],
  gpuBuffer: [Getter],
  mlTensor: [Getter],
  getData: [AsyncFunction: getData],
  dispose: [Function: dispose],
  ensureValid: [Function: ensureValid],
  reshape: [Function: reshape],
} v.ort_tensor.type: float32 v.ort_tensor.location: cpu v.ort_tensor.dataLocation: cpu
[wrap] ortFeed: [ "a", "b" ] [
  [ "a", "float32", "cpu", "cpu", [ 80, 201 ] ], [ "b", "float32", "cpu", "cpu", [ 201, 3000 ] ]
]
[sessionRun] ENTERED [ "input_features" ] [ "input_features" ]
[sessionRun] session.inputNames: [ "input_features" ]
[sessionRun] inputs keys: [ "input_features" ]
[sessionRun] checkedInputs keys: [ "input_features" ]
[sessionRun] feed key: input_features v.constructor: _Tensor tensor.type: float32 tensor.location: cpu tensor instanceof Tensor: true
[sessionRun] ENTERED [
  "input_ids", "encoder_hidden_states", "past_key_values.0.decoder.key", "past_key_values.0.decoder.value",
  "past_key_values.0.encoder.key", "past_key_values.0.encoder.value", "past_key_values.1.decoder.key",
  "past_key_values.1.decoder.value", "past_key_values.1.encoder.key", "past_key_values.1.encoder.value",
  "past_key_values.2.decoder.key", "past_key_values.2.decoder.value", "past_key_values.2.encoder.key",
  "past_key_values.2.encoder.value", "past_key_values.3.decoder.key", "past_key_values.3.decoder.value",
  "past_key_values.3.encoder.key", "past_key_values.3.encoder.value", "past_key_values.4.decoder.key",
  "past_key_values.4.decoder.value", "past_key_values.4.encoder.key", "past_key_values.4.encoder.value",
  "past_key_values.5.decoder.key", "past_key_values.5.decoder.value", "past_key_values.5.encoder.key",
  "past_key_values.5.encoder.value", "past_key_values.6.decoder.key", "past_key_values.6.decoder.value",
  "past_key_values.6.encoder.key", "past_key_values.6.encoder.value", "past_key_values.7.decoder.key",
  "past_key_values.7.decoder.value", "past_key_values.7.encoder.key", "past_key_values.7.encoder.value",
  "past_key_values.8.decoder.key", "past_key_values.8.decoder.value", "past_key_values.8.encoder.key",
  "past_key_values.8.encoder.value", "past_key_values.9.decoder.key", "past_key_values.9.decoder.value",
  "past_key_values.9.encoder.key", "past_key_values.9.encoder.value", "past_key_values.10.decoder.key",
  "past_key_values.10.decoder.value", "past_key_values.10.encoder.key", "past_key_values.10.encoder.value",
  "past_key_values.11.decoder.key", "past_key_values.11.decoder.value", "past_key_values.11.encoder.key",
  "past_key_values.11.encoder.value", "use_cache_branch"
] [
  "input_ids", "encoder_hidden_states", "past_key_values.0.decoder.key", "past_key_values.0.decoder.value",
  "past_key_values.0.encoder.key", "past_key_values.0.encoder.value", "past_key_values.1.decoder.key",
  "past_key_values.1.decoder.value", "past_key_values.1.encoder.key", "past_key_values.1.encoder.value",
  "past_key_values.2.decoder.key", "past_key_values.2.decoder.value", "past_key_values.2.encoder.key",
  "past_key_values.2.encoder.value", "past_key_values.3.decoder.key", "past_key_values.3.decoder.value",
  "past_key_values.3.encoder.key", "past_key_values.3.encoder.value", "past_key_values.4.decoder.key",
  "past_key_values.4.decoder.value", "past_key_values.4.encoder.key", "past_key_values.4.encoder.value",
  "past_key_values.5.decoder.key", "past_key_values.5.decoder.value", "past_key_values.5.encoder.key",
  "past_key_values.5.encoder.value", "past_key_values.6.decoder.key", "past_key_values.6.decoder.value",
  "past_key_values.6.encoder.key", "past_key_values.6.encoder.value", "past_key_values.7.decoder.key",
  "past_key_values.7.decoder.value", "past_key_values.7.encoder.key", "past_key_values.7.encoder.value",
  "past_key_values.8.decoder.key", "past_key_values.8.decoder.value", "past_key_values.8.encoder.key",
  "past_key_values.8.encoder.value", "past_key_values.9.decoder.key", "past_key_values.9.decoder.value",
  "past_key_values.9.encoder.key", "past_key_values.9.encoder.value", "past_key_values.10.decoder.key",
  "past_key_values.10.decoder.value", "past_key_values.10.encoder.key", "past_key_values.10.encoder.value",
  "past_key_values.11.decoder.key", "past_key_values.11.decoder.value", "past_key_values.11.encoder.key",
  "past_key_values.11.encoder.value", "use_cache_branch"
]
[sessionRun] session.inputNames: [
  "input_ids", "encoder_hidden_states", "past_key_values.0.decoder.key", "past_key_values.0.decoder.value",
  "past_key_values.0.encoder.key", "past_key_values.0.encoder.value", "past_key_values.1.decoder.key",
  "past_key_values.1.decoder.value", "past_key_values.1.encoder.key", "past_key_values.1.encoder.value",
  "past_key_values.2.decoder.key", "past_key_values.2.decoder.value", "past_key_values.2.encoder.key",
  "past_key_values.2.encoder.value", "past_key_values.3.decoder.key", "past_key_values.3.decoder.value",
  "past_key_values.3.encoder.key", "past_key_values.3.encoder.value", "past_key_values.4.decoder.key",
  "past_key_values.4.decoder.value", "past_key_values.4.encoder.key", "past_key_values.4.encoder.value",
  "past_key_values.5.decoder.key", "past_key_values.5.decoder.value", "past_key_values.5.encoder.key",
  "past_key_values.5.encoder.value", "past_key_values.6.decoder.key", "past_key_values.6.decoder.value",
  "past_key_values.6.encoder.key", "past_key_values.6.encoder.value", "past_key_values.7.decoder.key",
  "past_key_values.7.decoder.value", "past_key_values.7.encoder.key", "past_key_values.7.encoder.value",
  "past_key_values.8.decoder.key", "past_key_values.8.decoder.value", "past_key_values.8.encoder.key",
  "past_key_values.8.encoder.value", "past_key_values.9.decoder.key", "past_key_values.9.decoder.value",
  "past_key_values.9.encoder.key", "past_key_values.9.encoder.value", "past_key_values.10.decoder.key",
  "past_key_values.10.decoder.value", "past_key_values.10.encoder.key", "past_key_values.10.encoder.value",
  "past_key_values.11.decoder.key", "past_key_values.11.decoder.value", "past_key_values.11.encoder.key",
  "past_key_values.11.encoder.value", "use_cache_branch"
]
[sessionRun] inputs keys: [
  "input_ids", "encoder_hidden_states", "past_key_values.0.decoder.key", "past_key_values.0.decoder.value",
  "past_key_values.0.encoder.key", "past_key_values.0.encoder.value", "past_key_values.1.decoder.key",
  "past_key_values.1.decoder.value", "past_key_values.1.encoder.key", "past_key_values.1.encoder.value",
  "past_key_values.2.decoder.key", "past_key_values.2.decoder.value", "past_key_values.2.encoder.key",
  "past_key_values.2.encoder.value", "past_key_values.3.decoder.key", "past_key_values.3.decoder.value",
  "past_key_values.3.encoder.key", "past_key_values.3.encoder.value", "past_key_values.4.decoder.key",
  "past_key_values.4.decoder.value", "past_key_values.4.encoder.key", "past_key_values.4.encoder.value",
  "past_key_values.5.decoder.key", "past_key_values.5.decoder.value", "past_key_values.5.encoder.key",
  "past_key_values.5.encoder.value", "past_key_values.6.decoder.key", "past_key_values.6.decoder.value",
  "past_key_values.6.encoder.key", "past_key_values.6.encoder.value", "past_key_values.7.decoder.key",
  "past_key_values.7.decoder.value", "past_key_values.7.encoder.key", "past_key_values.7.encoder.value",
  "past_key_values.8.decoder.key", "past_key_values.8.decoder.value", "past_key_values.8.encoder.key",
  "past_key_values.8.encoder.value", "past_key_values.9.decoder.key", "past_key_values.9.decoder.value",
  "past_key_values.9.encoder.key", "past_key_values.9.encoder.value", "past_key_values.10.decoder.key",
  "past_key_values.10.decoder.value", "past_key_values.10.encoder.key", "past_key_values.10.encoder.value",
  "past_key_values.11.decoder.key", "past_key_values.11.decoder.value", "past_key_values.11.encoder.key",
  "past_key_values.11.encoder.value", "use_cache_branch"
]
[sessionRun] checkedInputs keys: [
  "input_ids", "encoder_hidden_states", "past_key_values.0.decoder.key", "past_key_values.0.decoder.value",
  "past_key_values.0.encoder.key", "past_key_values.0.encoder.value", "past_key_values.1.decoder.key",
  "past_key_values.1.decoder.value", "past_key_values.1.encoder.key", "past_key_values.1.encoder.value",
  "past_key_values.2.decoder.key", "past_key_values.2.decoder.value", "past_key_values.2.encoder.key",
  "past_key_values.2.encoder.value", "past_key_values.3.decoder.key", "past_key_values.3.decoder.value",
  "past_key_values.3.encoder.key", "past_key_values.3.encoder.value", "past_key_values.4.decoder.key",
  "past_key_values.4.decoder.value", "past_key_values.4.encoder.key", "past_key_values.4.encoder.value",
  "past_key_values.5.decoder.key", "past_key_values.5.decoder.value", "past_key_values.5.encoder.key",
  "past_key_values.5.encoder.value", "past_key_values.6.decoder.key", "past_key_values.6.decoder.value",
  "past_key_values.6.encoder.key", "past_key_values.6.encoder.value", "past_key_values.7.decoder.key",
  "past_key_values.7.decoder.value", "past_key_values.7.encoder.key", "past_key_values.7.encoder.value",
  "past_key_values.8.decoder.key", "past_key_values.8.decoder.value", "past_key_values.8.encoder.key",
  "past_key_values.8.encoder.value", "past_key_values.9.decoder.key", "past_key_values.9.decoder.value",
  "past_key_values.9.encoder.key", "past_key_values.9.encoder.value", "past_key_values.10.decoder.key",
  "past_key_values.10.decoder.value", "past_key_values.10.encoder.key", "past_key_values.10.encoder.value",
  "past_key_values.11.decoder.key", "past_key_values.11.decoder.value", "past_key_values.11.encoder.key",
  "past_key_values.11.encoder.value", "use_cache_branch"
]
[sessionRun] feed key: input_ids v.constructor: _Tensor tensor.type: int64 tensor.location: cpu tensor instanceof Tensor: true
[sessionRun] feed key: encoder_hidden_states v.constructor: _Tensor tensor.type: float32 tensor.location: cpu tensor instanceof Tensor: false
[sessionRun] feed key: past_key_values.0.decoder.key v.constructor: _Tensor tensor.type: float32 tensor.location: cpu tensor instanceof Tensor: true
[sessionRun] feed key: past_key_values.0.decoder.value v.constructor: _Tensor tensor.type: float32 tensor.location: cpu tensor instanceof Tensor: true
[sessionRun] feed key: past_key_values.0.encoder.key v.constructor: _Tensor tensor.type: float32 tensor.location: cpu tensor instanceof Tensor: true
[sessionRun] feed key: past_key_values.0.encoder.value v.constructor: _Tensor tensor.type: float32 tensor.location: cpu tensor instanceof Tensor: true
[sessionRun] feed key: past_key_values.1.decoder.key v.constructor: _Tensor tensor.type: float32 tensor.location: cpu tensor instanceof Tensor: true
[sessionRun] feed key: past_key_values.1.decoder.value v.constructor: _Tensor tensor.type: float32 tensor.location: cpu tensor instanceof Tensor: true
[sessionRun] feed key: past_key_values.1.encoder.key v.constructor: _Tensor tensor.type: float32 tensor.location: cpu tensor instanceof Tensor: true
[sessionRun] feed key: past_key_values.1.encoder.value v.constructor: _Tensor tensor.type: float32 tensor.location: cpu tensor instanceof Tensor: true
[sessionRun] feed key: past_key_values.2.decoder.key v.constructor: _Tensor tensor.type: float32 tensor.location: cpu tensor instanceof Tensor: true
[sessionRun] feed key: past_key_values.2.decoder.value v.constructor: _Tensor tensor.type: float32 tensor.location: cpu tensor instanceof Tensor: true
[sessionRun] feed key: past_key_values.2.encoder.key v.constructor: _Tensor tensor.type: float32 tensor.location: cpu tensor instanceof Tensor: true
[sessionRun] feed key: past_key_values.2.encoder.value v.constructor: _Tensor tensor.type: float32 tensor.location: cpu tensor instanceof Tensor: true
[sessionRun] feed key: past_key_values.3.decoder.key v.constructor: _Tensor tensor.type: float32 tensor.location: cpu tensor instanceof Tensor: true
[sessionRun] feed key: past_key_values.3.decoder.value v.constructor: _Tensor tensor.type: float32 tensor.location: cpu tensor instanceof Tensor: true
[sessionRun] feed key: past_key_values.3.encoder.key v.constructor: _Tensor tensor.type: float32 tensor.location: cpu tensor instanceof Tensor: true
[sessionRun] feed key: past_key_values.3.encoder.value v.constructor: _Tensor tensor.type: float32 tensor.location: cpu tensor instanceof Tensor: true
[sessionRun] feed key: past_key_values.4.decoder.key v.constructor: _Tensor tensor.type: float32 tensor.location: cpu tensor instanceof Tensor: true
[sessionRun] feed key: past_key_values.4.decoder.value v.constructor: _Tensor tensor.type: float32 tensor.location: cpu tensor instanceof Tensor: true
[sessionRun] feed key: past_key_values.4.encoder.key v.constructor: _Tensor tensor.type: float32 tensor.location: cpu tensor instanceof Tensor: true
[sessionRun] feed key: past_key_values.4.encoder.value v.constructor: _Tensor tensor.type: float32 tensor.location: cpu tensor instanceof Tensor: true
[sessionRun] feed key: past_key_values.5.decoder.key v.constructor: _Tensor tensor.type: float32 tensor.location: cpu tensor instanceof Tensor: true
[sessionRun] feed key: past_key_values.5.decoder.value v.constructor: _Tensor tensor.type: float32 tensor.location: cpu tensor instanceof Tensor: true
[sessionRun] feed key: past_key_values.5.encoder.key v.constructor: _Tensor tensor.type: float32 tensor.location: cpu tensor instanceof Tensor: true
[sessionRun] feed key: past_key_values.5.encoder.value v.constructor: _Tensor tensor.type: float32 tensor.location: cpu tensor instanceof Tensor: true
[sessionRun] feed key: past_key_values.6.decoder.key v.constructor: _Tensor tensor.type: float32 tensor.location: cpu tensor instanceof Tensor: true
[sessionRun] feed key: past_key_values.6.decoder.value v.constructor: _Tensor tensor.type: float32 tensor.location: cpu tensor instanceof Tensor: true
[sessionRun] feed key: past_key_values.6.encoder.key v.constructor: _Tensor tensor.type: float32 tensor.location: cpu tensor instanceof Tensor: true
[sessionRun] feed key: past_key_values.6.encoder.value v.constructor: _Tensor tensor.type: float32 tensor.location: cpu tensor instanceof Tensor: true
[sessionRun] feed key: past_key_values.7.decoder.key v.constructor: _Tensor tensor.type: float32 tensor.location: cpu tensor instanceof Tensor: true
[sessionRun] feed key: past_key_values.7.decoder.value v.constructor: _Tensor tensor.type: float32 tensor.location: cpu tensor instanceof Tensor: true
[sessionRun] feed key: past_key_values.7.encoder.key v.constructor: _Tensor tensor.type: float32 tensor.location: cpu tensor instanceof Tensor: true
[sessionRun] feed key: past_key_values.7.encoder.value v.constructor: _Tensor tensor.type: float32 tensor.location: cpu tensor instanceof Tensor: true
[sessionRun] feed key: past_key_values.8.decoder.key v.constructor: _Tensor tensor.type: float32 tensor.location: cpu tensor instanceof Tensor: true
[sessionRun] feed key: past_key_values.8.decoder.value v.constructor: _Tensor tensor.type: float32 tensor.location: cpu tensor instanceof Tensor: true
[sessionRun] feed key: past_key_values.8.encoder.key v.constructor: _Tensor tensor.type: float32 tensor.location: cpu tensor instanceof Tensor: true
[sessionRun] feed key: past_key_values.8.encoder.value v.constructor: _Tensor tensor.type: float32 tensor.location: cpu tensor instanceof Tensor: true
[sessionRun] feed key: past_key_values.9.decoder.key v.constructor: _Tensor tensor.type: float32 tensor.location: cpu tensor instanceof Tensor: true
[sessionRun] feed key: past_key_values.9.decoder.value v.constructor: _Tensor tensor.type: float32 tensor.location: cpu tensor instanceof Tensor: true
[sessionRun] feed key: past_key_values.9.encoder.key v.constructor: _Tensor tensor.type: float32 tensor.location: cpu tensor instanceof Tensor: true
[sessionRun] feed key: past_key_values.9.encoder.value v.constructor: _Tensor tensor.type: float32 tensor.location: cpu tensor instanceof Tensor: true
[sessionRun] feed key: past_key_values.10.decoder.key v.constructor: _Tensor tensor.type: float32 tensor.location: cpu tensor instanceof Tensor: true
[sessionRun] feed key: past_key_values.10.decoder.value v.constructor: _Tensor tensor.type: float32 tensor.location: cpu tensor instanceof Tensor: true
[sessionRun] feed key: past_key_values.10.encoder.key v.constructor: _Tensor tensor.type: float32 tensor.location: cpu tensor instanceof Tensor: true
[sessionRun] feed key: past_key_values.10.encoder.value v.constructor: _Tensor tensor.type: float32 tensor.location: cpu tensor instanceof Tensor: true
[sessionRun] feed key: past_key_values.11.decoder.key v.constructor: _Tensor tensor.type: float32 tensor.location: cpu tensor instanceof Tensor: true
[sessionRun] feed key: past_key_values.11.decoder.value v.constructor: _Tensor tensor.type: float32 tensor.location: cpu tensor instanceof Tensor: true
[sessionRun] feed key: past_key_values.11.encoder.key v.constructor: _Tensor tensor.type: float32 tensor.location: cpu tensor instanceof Tensor: true
[sessionRun] feed key: past_key_values.11.encoder.value v.constructor: _Tensor tensor.type: float32 tensor.location: cpu tensor instanceof Tensor: true
[sessionRun] feed key: use_cache_branch v.constructor: _Tensor tensor.type: bool tensor.location: cpu tensor instanceof Tensor: true
[sessionRun] ENTERED [
  "input_ids", "encoder_hidden_states", "past_key_values.0.decoder.key", "past_key_values.0.decoder.value",
  "past_key_values.0.encoder.key", "past_key_values.0.encoder.value", "past_key_values.1.decoder.key",
  "past_key_values.1.decoder.value", "past_key_values.1.encoder.key", "past_key_values.1.encoder.value",
  "past_key_values.2.decoder.key", "past_key_values.2.decoder.value", "past_key_values.2.encoder.key",
  "past_key_values.2.encoder.value", "past_key_values.3.decoder.key", "past_key_values.3.decoder.value",
  "past_key_values.3.encoder.key", "past_key_values.3.encoder.value", "past_key_values.4.decoder.key",
  "past_key_values.4.decoder.value", "past_key_values.4.encoder.key", "past_key_values.4.encoder.value",
  "past_key_values.5.decoder.key", "past_key_values.5.decoder.value", "past_key_values.5.encoder.key",
  "past_key_values.5.encoder.value", "past_key_values.6.decoder.key", "past_key_values.6.decoder.value",
  "past_key_values.6.encoder.key", "past_key_values.6.encoder.value", "past_key_values.7.decoder.key",
  "past_key_values.7.decoder.value", "past_key_values.7.encoder.key", "past_key_values.7.encoder.value",
  "past_key_values.8.decoder.key", "past_key_values.8.decoder.value", "past_key_values.8.encoder.key",
  "past_key_values.8.encoder.value", "past_key_values.9.decoder.key", "past_key_values.9.decoder.value",
  "past_key_values.9.encoder.key", "past_key_values.9.encoder.value", "past_key_values.10.decoder.key",
  "past_key_values.10.decoder.value", "past_key_values.10.encoder.key", "past_key_values.10.encoder.value",
  "past_key_values.11.decoder.key", "past_key_values.11.decoder.value", "past_key_values.11.encoder.key",
  "past_key_values.11.encoder.value", "use_cache_branch"
] [
  "input_ids", "encoder_hidden_states", "past_key_values.0.decoder.key", "past_key_values.0.decoder.value",
  "past_key_values.0.encoder.key", "past_key_values.0.encoder.value", "past_key_values.1.decoder.key",
  "past_key_values.1.decoder.value", "past_key_values.1.encoder.key", "past_key_values.1.encoder.value",
  "past_key_values.2.decoder.key", "past_key_values.2.decoder.value", "past_key_values.2.encoder.key",
  "past_key_values.2.encoder.value", "past_key_values.3.decoder.key", "past_key_values.3.decoder.value",
  "past_key_values.3.encoder.key", "past_key_values.3.encoder.value", "past_key_values.4.decoder.key",
  "past_key_values.4.decoder.value", "past_key_values.4.encoder.key", "past_key_values.4.encoder.value",
  "past_key_values.5.decoder.key", "past_key_values.5.decoder.value", "past_key_values.5.encoder.key",
  "past_key_values.5.encoder.value", "past_key_values.6.decoder.key", "past_key_values.6.decoder.value",
  "past_key_values.6.encoder.key", "past_key_values.6.encoder.value", "past_key_values.7.decoder.key",
  "past_key_values.7.decoder.value", "past_key_values.7.encoder.key", "past_key_values.7.encoder.value",
  "past_key_values.8.decoder.key", "past_key_values.8.decoder.value", "past_key_values.8.encoder.key",
  "past_key_values.8.encoder.value", "past_key_values.9.decoder.key", "past_key_values.9.decoder.value",
  "past_key_values.9.encoder.key", "past_key_values.9.encoder.value", "past_key_values.10.decoder.key",
  "past_key_values.10.decoder.value", "past_key_values.10.encoder.key", "past_key_values.10.encoder.value",
  "past_key_values.11.decoder.key", "past_key_values.11.decoder.value", "past_key_values.11.encoder.key",
  "past_key_values.11.encoder.value", "use_cache_branch"
]
[sessionRun] session.inputNames: [
  "input_ids", "encoder_hidden_states", "past_key_values.0.decoder.key", "past_key_values.0.decoder.value",
  "past_key_values.0.encoder.key", "past_key_values.0.encoder.value", "past_key_values.1.decoder.key",
  "past_key_values.1.decoder.value", "past_key_values.1.encoder.key", "past_key_values.1.encoder.value",
  "past_key_values.2.decoder.key", "past_key_values.2.decoder.value", "past_key_values.2.encoder.key",
  "past_key_values.2.encoder.value", "past_key_values.3.decoder.key", "past_key_values.3.decoder.value",
  "past_key_values.3.encoder.key", "past_key_values.3.encoder.value", "past_key_values.4.decoder.key",
  "past_key_values.4.decoder.value", "past_key_values.4.encoder.key", "past_key_values.4.encoder.value",
  "past_key_values.5.decoder.key", "past_key_values.5.decoder.value", "past_key_values.5.encoder.key",
  "past_key_values.5.encoder.value", "past_key_values.6.decoder.key", "past_key_values.6.decoder.value",
  "past_key_values.6.encoder.key", "past_key_values.6.encoder.value", "past_key_values.7.decoder.key",
  "past_key_values.7.decoder.value", "past_key_values.7.encoder.key", "past_key_values.7.encoder.value",
  "past_key_values.8.decoder.key", "past_key_values.8.decoder.value", "past_key_values.8.encoder.key",
  "past_key_values.8.encoder.value", "past_key_values.9.decoder.key", "past_key_values.9.decoder.value",
  "past_key_values.9.encoder.key", "past_key_values.9.encoder.value", "past_key_values.10.decoder.key",
  "past_key_values.10.decoder.value", "past_key_values.10.encoder.key", "past_key_values.10.encoder.value",
  "past_key_values.11.decoder.key", "past_key_values.11.decoder.value", "past_key_values.11.encoder.key",
  "past_key_values.11.encoder.value", "use_cache_branch"
]
[sessionRun] inputs keys: [
  "input_ids", "encoder_hidden_states", "past_key_values.0.decoder.key", "past_key_values.0.decoder.value",
  "past_key_values.0.encoder.key", "past_key_values.0.encoder.value", "past_key_values.1.decoder.key",
  "past_key_values.1.decoder.value", "past_key_values.1.encoder.key", "past_key_values.1.encoder.value",
  "past_key_values.2.decoder.key", "past_key_values.2.decoder.value", "past_key_values.2.encoder.key",
  "past_key_values.2.encoder.value", "past_key_values.3.decoder.key", "past_key_values.3.decoder.value",
  "past_key_values.3.encoder.key", "past_key_values.3.encoder.value", "past_key_values.4.decoder.key",
  "past_key_values.4.decoder.value", "past_key_values.4.encoder.key", "past_key_values.4.encoder.value",
  "past_key_values.5.decoder.key", "past_key_values.5.decoder.value", "past_key_values.5.encoder.key",
  "past_key_values.5.encoder.value", "past_key_values.6.decoder.key", "past_key_values.6.decoder.value",
  "past_key_values.6.encoder.key", "past_key_values.6.encoder.value", "past_key_values.7.decoder.key",
  "past_key_values.7.decoder.value", "past_key_values.7.encoder.key", "past_key_values.7.encoder.value",
  "past_key_values.8.decoder.key", "past_key_values.8.decoder.value", "past_key_values.8.encoder.key",
  "past_key_values.8.encoder.value", "past_key_values.9.decoder.key", "past_key_values.9.decoder.value",
  "past_key_values.9.encoder.key", "past_key_values.9.encoder.value", "past_key_values.10.decoder.key",
  "past_key_values.10.decoder.value", "past_key_values.10.encoder.key", "past_key_values.10.encoder.value",
  "past_key_values.11.decoder.key", "past_key_values.11.decoder.value", "past_key_values.11.encoder.key",
  "past_key_values.11.encoder.value", "use_cache_branch"
]
[sessionRun] checkedInputs keys: [
  "input_ids", "encoder_hidden_states", "past_key_values.0.decoder.key", "past_key_values.0.decoder.value",
  "past_key_values.0.encoder.key", "past_key_values.0.encoder.value", "past_key_values.1.decoder.key",
  "past_key_values.1.decoder.value", "past_key_values.1.encoder.key", "past_key_values.1.encoder.value",
  "past_key_values.2.decoder.key", "past_key_values.2.decoder.value", "past_key_values.2.encoder.key",
  "past_key_values.2.encoder.value", "past_key_values.3.decoder.key", "past_key_values.3.decoder.value",
  "past_key_values.3.encoder.key", "past_key_values.3.encoder.value", "past_key_values.4.decoder.key",
  "past_key_values.4.decoder.value", "past_key_values.4.encoder.key", "past_key_values.4.encoder.value",
  "past_key_values.5.decoder.key", "past_key_values.5.decoder.value", "past_key_values.5.encoder.key",
  "past_key_values.5.encoder.value", "past_key_values.6.decoder.key", "past_key_values.6.decoder.value",
  "past_key_values.6.encoder.key", "past_key_values.6.encoder.value", "past_key_values.7.decoder.key",
  "past_key_values.7.decoder.value", "past_key_values.7.encoder.key", "past_key_values.7.encoder.value",
  "past_key_values.8.decoder.key", "past_key_values.8.decoder.value", "past_key_values.8.encoder.key",
  "past_key_values.8.encoder.value", "past_key_values.9.decoder.key", "past_key_values.9.decoder.value",
  "past_key_values.9.encoder.key", "past_key_values.9.encoder.value", "past_key_values.10.decoder.key",
  "past_key_values.10.decoder.value", "past_key_values.10.encoder.key", "past_key_values.10.encoder.value",
  "past_key_values.11.decoder.key", "past_key_values.11.decoder.value", "past_key_values.11.encoder.key",
  "past_key_values.11.encoder.value", "use_cache_branch"
]
[sessionRun] feed key: input_ids v.constructor: _Tensor tensor.type: int64 tensor.location: cpu tensor instanceof Tensor: true
[sessionRun] feed key: encoder_hidden_states v.constructor: _Tensor tensor.type: float32 tensor.location: cpu tensor instanceof Tensor: false
[sessionRun] feed key: past_key_values.0.decoder.key v.constructor: _Tensor tensor.type: float32 tensor.location: cpu tensor instanceof Tensor: false
[sessionRun] feed key: past_key_values.0.decoder.value v.constructor: _Tensor tensor.type: float32 tensor.location: cpu tensor instanceof Tensor: false
[sessionRun] feed key: past_key_values.0.encoder.key v.constructor: _Tensor tensor.type: float32 tensor.location: cpu tensor instanceof Tensor: false
[sessionRun] feed key: past_key_values.0.encoder.value v.constructor: _Tensor tensor.type: float32 tensor.location: cpu tensor instanceof Tensor: false
[sessionRun] feed key: past_key_values.1.decoder.key v.constructor: _Tensor tensor.type: float32 tensor.location: cpu tensor instanceof Tensor: false
[sessionRun] feed key: past_key_values.1.decoder.value v.constructor: _Tensor tensor.type: float32 tensor.location: cpu tensor instanceof Tensor: false
[sessionRun] feed key: past_key_values.1.encoder.key v.constructor: _Tensor tensor.type: float32 tensor.location: cpu tensor instanceof Tensor: false
[sessionRun] feed key: past_key_values.1.encoder.value v.constructor: _Tensor tensor.type: float32 tensor.location: cpu tensor instanceof Tensor: false
[sessionRun] feed key: past_key_values.2.decoder.key v.constructor: _Tensor tensor.type: float32 tensor.location: cpu tensor instanceof Tensor: false
[sessionRun] feed key: past_key_values.2.decoder.value v.constructor: _Tensor tensor.type: float32 tensor.location: cpu tensor instanceof Tensor: false
[sessionRun] feed key: past_key_values.2.encoder.key v.constructor: _Tensor tensor.type: float32 tensor.location: cpu tensor instanceof Tensor: false
[sessionRun] feed key: past_key_values.2.encoder.value v.constructor: _Tensor tensor.type: float32 tensor.location: cpu tensor instanceof Tensor: false
[sessionRun] feed key: past_key_values.3.decoder.key v.constructor: _Tensor tensor.type: float32 tensor.location: cpu tensor instanceof Tensor: false
[sessionRun] feed key: past_key_values.3.decoder.value v.constructor: _Tensor tensor.type: float32 tensor.location: cpu tensor instanceof Tensor: false
[sessionRun] feed key: past_key_values.3.encoder.key v.constructor: _Tensor tensor.type: float32 tensor.location: cpu tensor instanceof Tensor: false
[sessionRun] feed key: past_key_values.3.encoder.value v.constructor: _Tensor tensor.type: float32 tensor.location: cpu tensor instanceof Tensor: false
[sessionRun] feed key: past_key_values.4.decoder.key v.constructor: _Tensor tensor.type: float32 tensor.location: cpu tensor instanceof Tensor: false
[sessionRun] feed key: past_key_values.4.decoder.value v.constructor: _Tensor tensor.type: float32 tensor.location: cpu tensor instanceof Tensor: false
[sessionRun] feed key: past_key_values.4.encoder.key v.constructor: _Tensor tensor.type: float32 tensor.location: cpu tensor instanceof Tensor: false
[sessionRun] feed key: past_key_values.4.encoder.value v.constructor: _Tensor tensor.type: float32 tensor.location: cpu tensor instanceof Tensor: false
[sessionRun] feed key: past_key_values.5.decoder.key v.constructor: _Tensor tensor.type: float32 tensor.location: cpu tensor instanceof Tensor: false
[sessionRun] feed key: past_key_values.5.decoder.value v.constructor: _Tensor tensor.type: float32 tensor.location: cpu tensor instanceof Tensor: false
[sessionRun] feed key: past_key_values.5.encoder.key v.constructor: _Tensor tensor.type: float32 tensor.location: cpu tensor instanceof Tensor: false
[sessionRun] feed key: past_key_values.5.encoder.value v.constructor: _Tensor tensor.type: float32 tensor.location: cpu tensor instanceof Tensor: false
[sessionRun] feed key: past_key_values.6.decoder.key v.constructor: _Tensor tensor.type: float32 tensor.location: cpu tensor instanceof Tensor: false
[sessionRun] feed key: past_key_values.6.decoder.value v.constructor: _Tensor tensor.type: float32 tensor.location: cpu tensor instanceof Tensor: false
[sessionRun] feed key: past_key_values.6.encoder.key v.constructor: _Tensor tensor.type: float32 tensor.location: cpu tensor instanceof Tensor: false
[sessionRun] feed key: past_key_values.6.encoder.value v.constructor: _Tensor tensor.type: float32 tensor.location: cpu tensor instanceof Tensor: false
[sessionRun] feed key: past_key_values.7.decoder.key v.constructor: _Tensor tensor.type: float32 tensor.location: cpu tensor instanceof Tensor: false
[sessionRun] feed key: past_key_values.7.decoder.value v.constructor: _Tensor tensor.type: float32 tensor.location: cpu tensor instanceof Tensor: false
[sessionRun] feed key: past_key_values.7.encoder.key v.constructor: _Tensor tensor.type: float32 tensor.location: cpu tensor instanceof Tensor: false
[sessionRun] feed key: past_key_values.7.encoder.value v.constructor: _Tensor tensor.type: float32 tensor.location: cpu tensor instanceof Tensor: false
[sessionRun] feed key: past_key_values.8.decoder.key v.constructor: _Tensor tensor.type: float32 tensor.location: cpu tensor instanceof Tensor: false
[sessionRun] feed key: past_key_values.8.decoder.value v.constructor: _Tensor tensor.type: float32 tensor.location: cpu tensor instanceof Tensor: false
[sessionRun] feed key: past_key_values.8.encoder.key v.constructor: _Tensor tensor.type: float32 tensor.location: cpu tensor instanceof Tensor: false
[sessionRun] feed key: past_key_values.8.encoder.value v.constructor: _Tensor tensor.type: float32 tensor.location: cpu tensor instanceof Tensor: false
[sessionRun] feed key: past_key_values.9.decoder.key v.constructor: _Tensor tensor.type: float32 tensor.location: cpu tensor instanceof Tensor: false
[sessionRun] feed key: past_key_values.9.decoder.value v.constructor: _Tensor tensor.type: float32 tensor.location: cpu tensor instanceof Tensor: false
[sessionRun] feed key: past_key_values.9.encoder.key v.constructor: _Tensor tensor.type: float32 tensor.location: cpu tensor instanceof Tensor: false
[sessionRun] feed key: past_key_values.9.encoder.value v.constructor: _Tensor tensor.type: float32 tensor.location: cpu tensor instanceof Tensor: false
[sessionRun] feed key: past_key_values.10.decoder.key v.constructor: _Tensor tensor.type: float32 tensor.location: cpu tensor instanceof Tensor: false
[sessionRun] feed key: past_key_values.10.decoder.value v.constructor: _Tensor tensor.type: float32 tensor.location: cpu tensor instanceof Tensor: false
[sessionRun] feed key: past_key_values.10.encoder.key v.constructor: _Tensor tensor.type: float32 tensor.location: cpu tensor instanceof Tensor: false
[sessionRun] feed key: past_key_values.10.encoder.value v.constructor: _Tensor tensor.type: float32 tensor.location: cpu tensor instanceof Tensor: false
[sessionRun] feed key: past_key_values.11.decoder.key v.constructor: _Tensor tensor.type: float32 tensor.location: cpu tensor instanceof Tensor: false
[sessionRun] feed key: past_key_values.11.decoder.value v.constructor: _Tensor tensor.type: float32 tensor.location: cpu tensor instanceof Tensor: false
[sessionRun] feed key: past_key_values.11.encoder.key v.constructor: _Tensor tensor.type: float32 tensor.location: cpu tensor instanceof Tensor: false
[sessionRun] feed key: past_key_values.11.encoder.value v.constructor: _Tensor tensor.type: float32 tensor.location: cpu tensor instanceof Tensor: false
[sessionRun] feed key: use_cache_branch v.constructor: _Tensor tensor.type: bool tensor.location: cpu tensor instanceof Tensor: true
[sessionRun] ENTERED [
  "input_ids", "encoder_hidden_states", "past_key_values.0.decoder.key", "past_key_values.0.decoder.value",
  "past_key_values.0.encoder.key", "past_key_values.0.encoder.value", "past_key_values.1.decoder.key",
  "past_key_values.1.decoder.value", "past_key_values.1.encoder.key", "past_key_values.1.encoder.value",
  "past_key_values.2.decoder.key", "past_key_values.2.decoder.value", "past_key_values.2.encoder.key",
  "past_key_values.2.encoder.value", "past_key_values.3.decoder.key", "past_key_values.3.decoder.value",
  "past_key_values.3.encoder.key", "past_key_values.3.encoder.value", "past_key_values.4.decoder.key",
  "past_key_values.4.decoder.value", "past_key_values.4.encoder.key", "past_key_values.4.encoder.value",
  "past_key_values.5.decoder.key", "past_key_values.5.decoder.value", "past_key_values.5.encoder.key",
  "past_key_values.5.encoder.value", "past_key_values.6.decoder.key", "past_key_values.6.decoder.value",
  "past_key_values.6.encoder.key", "past_key_values.6.encoder.value", "past_key_values.7.decoder.key",
  "past_key_values.7.decoder.value", "past_key_values.7.encoder.key", "past_key_values.7.encoder.value",
  "past_key_values.8.decoder.key", "past_key_values.8.decoder.value", "past_key_values.8.encoder.key",
  "past_key_values.8.encoder.value", "past_key_values.9.decoder.key", "past_key_values.9.decoder.value",
  "past_key_values.9.encoder.key", "past_key_values.9.encoder.value", "past_key_values.10.decoder.key",
  "past_key_values.10.decoder.value", "past_key_values.10.encoder.key", "past_key_values.10.encoder.value",
  "past_key_values.11.decoder.key", "past_key_values.11.decoder.value", "past_key_values.11.encoder.key",
  "past_key_values.11.encoder.value", "use_cache_branch"
] [
  "input_ids", "encoder_hidden_states", "past_key_values.0.decoder.key", "past_key_values.0.decoder.value",
  "past_key_values.0.encoder.key", "past_key_values.0.encoder.value", "past_key_values.1.decoder.key",
  "past_key_values.1.decoder.value", "past_key_values.1.encoder.key", "past_key_values.1.encoder.value",
  "past_key_values.2.decoder.key", "past_key_values.2.decoder.value", "past_key_values.2.encoder.key",
  "past_key_values.2.encoder.value", "past_key_values.3.decoder.key", "past_key_values.3.decoder.value",
  "past_key_values.3.encoder.key", "past_key_values.3.encoder.value", "past_key_values.4.decoder.key",
  "past_key_values.4.decoder.value", "past_key_values.4.encoder.key", "past_key_values.4.encoder.value",
  "past_key_values.5.decoder.key", "past_key_values.5.decoder.value", "past_key_values.5.encoder.key",
  "past_key_values.5.encoder.value", "past_key_values.6.decoder.key", "past_key_values.6.decoder.value",
  "past_key_values.6.encoder.key", "past_key_values.6.encoder.value", "past_key_values.7.decoder.key",
  "past_key_values.7.decoder.value", "past_key_values.7.encoder.key", "past_key_values.7.encoder.value",
  "past_key_values.8.decoder.key", "past_key_values.8.decoder.value", "past_key_values.8.encoder.key",
  "past_key_values.8.encoder.value", "past_key_values.9.decoder.key", "past_key_values.9.decoder.value",
  "past_key_values.9.encoder.key", "past_key_values.9.encoder.value", "past_key_values.10.decoder.key",
  "past_key_values.10.decoder.value", "past_key_values.10.encoder.key", "past_key_values.10.encoder.value",
  "past_key_values.11.decoder.key", "past_key_values.11.decoder.value", "past_key_values.11.encoder.key",
  "past_key_values.11.encoder.value", "use_cache_branch"
]
[sessionRun] session.inputNames: [
  "input_ids", "encoder_hidden_states", "past_key_values.0.decoder.key", "past_key_values.0.decoder.value",
  "past_key_values.0.encoder.key", "past_key_values.0.encoder.value", "past_key_values.1.decoder.key",
  "past_key_values.1.decoder.value", "past_key_values.1.encoder.key", "past_key_values.1.encoder.value",
  "past_key_values.2.decoder.key", "past_key_values.2.decoder.value", "past_key_values.2.encoder.key",
  "past_key_values.2.encoder.value", "past_key_values.3.decoder.key", "past_key_values.3.decoder.value",
  "past_key_values.3.encoder.key", "past_key_values.3.encoder.value", "past_key_values.4.decoder.key",
  "past_key_values.4.decoder.value", "past_key_values.4.encoder.key", "past_key_values.4.encoder.value",
  "past_key_values.5.decoder.key", "past_key_values.5.decoder.value", "past_key_values.5.encoder.key",
  "past_key_values.5.encoder.value", "past_key_values.6.decoder.key", "past_key_values.6.decoder.value",
  "past_key_values.6.encoder.key", "past_key_values.6.encoder.value", "past_key_values.7.decoder.key",
  "past_key_values.7.decoder.value", "past_key_values.7.encoder.key", "past_key_values.7.encoder.value",
  "past_key_values.8.decoder.key", "past_key_values.8.decoder.value", "past_key_values.8.encoder.key",
  "past_key_values.8.encoder.value", "past_key_values.9.decoder.key", "past_key_values.9.decoder.value",
  "past_key_values.9.encoder.key", "past_key_values.9.encoder.value", "past_key_values.10.decoder.key",
  "past_key_values.10.decoder.value", "past_key_values.10.encoder.key", "past_key_values.10.encoder.value",
  "past_key_values.11.decoder.key", "past_key_values.11.decoder.value", "past_key_values.11.encoder.key",
  "past_key_values.11.encoder.value", "use_cache_branch"
]
[sessionRun] inputs keys: [
  "input_ids", "encoder_hidden_states", "past_key_values.0.decoder.key", "past_key_values.0.decoder.value",
  "past_key_values.0.encoder.key", "past_key_values.0.encoder.value", "past_key_values.1.decoder.key",
  "past_key_values.1.decoder.value", "past_key_values.1.encoder.key", "past_key_values.1.encoder.value",
  "past_key_values.2.decoder.key", "past_key_values.2.decoder.value", "past_key_values.2.encoder.key",
  "past_key_values.2.encoder.value", "past_key_values.3.decoder.key", "past_key_values.3.decoder.value",
  "past_key_values.3.encoder.key", "past_key_values.3.encoder.value", "past_key_values.4.decoder.key",
  "past_key_values.4.decoder.value", "past_key_values.4.encoder.key", "past_key_values.4.encoder.value",
  "past_key_values.5.decoder.key", "past_key_values.5.decoder.value", "past_key_values.5.encoder.key",
  "past_key_values.5.encoder.value", "past_key_values.6.decoder.key", "past_key_values.6.decoder.value",
  "past_key_values.6.encoder.key", "past_key_values.6.encoder.value", "past_key_values.7.decoder.key",
  "past_key_values.7.decoder.value", "past_key_values.7.encoder.key", "past_key_values.7.encoder.value",
  "past_key_values.8.decoder.key", "past_key_values.8.decoder.value", "past_key_values.8.encoder.key",
  "past_key_values.8.encoder.value", "past_key_values.9.decoder.key", "past_key_values.9.decoder.value",
  "past_key_values.9.encoder.key", "past_key_values.9.encoder.value", "past_key_values.10.decoder.key",
  "past_key_values.10.decoder.value", "past_key_values.10.encoder.key", "past_key_values.10.encoder.value",
  "past_key_values.11.decoder.key", "past_key_values.11.decoder.value", "past_key_values.11.encoder.key",
  "past_key_values.11.encoder.value", "use_cache_branch"
]
[sessionRun] checkedInputs keys: [
  "input_ids", "encoder_hidden_states", "past_key_values.0.decoder.key", "past_key_values.0.decoder.value",
  "past_key_values.0.encoder.key", "past_key_values.0.encoder.value", "past_key_values.1.decoder.key",
  "past_key_values.1.decoder.value", "past_key_values.1.encoder.key", "past_key_values.1.encoder.value",
  "past_key_values.2.decoder.key", "past_key_values.2.decoder.value", "past_key_values.2.encoder.key",
  "past_key_values.2.encoder.value", "past_key_values.3.decoder.key", "past_key_values.3.decoder.value",
  "past_key_values.3.encoder.key", "past_key_values.3.encoder.value", "past_key_values.4.decoder.key",
  "past_key_values.4.decoder.value", "past_key_values.4.encoder.key", "past_key_values.4.encoder.value",
  "past_key_values.5.decoder.key", "past_key_values.5.decoder.value", "past_key_values.5.encoder.key",
  "past_key_values.5.encoder.value", "past_key_values.6.decoder.key", "past_key_values.6.decoder.value",
  "past_key_values.6.encoder.key", "past_key_values.6.encoder.value", "past_key_values.7.decoder.key",
  "past_key_values.7.decoder.value", "past_key_values.7.encoder.key", "past_key_values.7.encoder.value",
  "past_key_values.8.decoder.key", "past_key_values.8.decoder.value", "past_key_values.8.encoder.key",
  "past_key_values.8.encoder.value", "past_key_values.9.decoder.key", "past_key_values.9.decoder.value",
  "past_key_values.9.encoder.key", "past_key_values.9.encoder.value", "past_key_values.10.decoder.key",
  "past_key_values.10.decoder.value", "past_key_values.10.encoder.key", "past_key_values.10.encoder.value",
  "past_key_values.11.decoder.key", "past_key_values.11.decoder.value", "past_key_values.11.encoder.key",
  "past_key_values.11.encoder.value", "use_cache_branch"
]
[sessionRun] feed key: input_ids v.constructor: _Tensor tensor.type: int64 tensor.location: cpu tensor instanceof Tensor: true
[sessionRun] feed key: encoder_hidden_states v.constructor: _Tensor tensor.type: float32 tensor.location: cpu tensor instanceof Tensor: false
[sessionRun] feed key: past_key_values.0.decoder.key v.constructor: _Tensor tensor.type: float32 tensor.location: cpu tensor instanceof Tensor: false
[sessionRun] feed key: past_key_values.0.decoder.value v.constructor: _Tensor tensor.type: float32 tensor.location: cpu tensor instanceof Tensor: false
[sessionRun] feed key: past_key_values.0.encoder.key v.constructor: _Tensor tensor.type: float32 tensor.location: cpu tensor instanceof Tensor: false
[sessionRun] feed key: past_key_values.0.encoder.value v.constructor: _Tensor tensor.type: float32 tensor.location: cpu tensor instanceof Tensor: false
[sessionRun] feed key: past_key_values.1.decoder.key v.constructor: _Tensor tensor.type: float32 tensor.location: cpu tensor instanceof Tensor: false
[sessionRun] feed key: past_key_values.1.decoder.value v.constructor: _Tensor tensor.type: float32 tensor.location: cpu tensor instanceof Tensor: false
[sessionRun] feed key: past_key_values.1.encoder.key v.constructor: _Tensor tensor.type: float32 tensor.location: cpu tensor instanceof Tensor: false
[sessionRun] feed key: past_key_values.1.encoder.value v.constructor: _Tensor tensor.type: float32 tensor.location: cpu tensor instanceof Tensor: false
[sessionRun] feed key: past_key_values.2.decoder.key v.constructor: _Tensor tensor.type: float32 tensor.location: cpu tensor instanceof Tensor: false
[sessionRun] feed key: past_key_values.2.decoder.value v.constructor: _Tensor tensor.type: float32 tensor.location: cpu tensor instanceof Tensor: false
[sessionRun] feed key: past_key_values.2.encoder.key v.constructor: _Tensor tensor.type: float32 tensor.location: cpu tensor instanceof Tensor: false
[sessionRun] feed key: past_key_values.2.encoder.value v.constructor: _Tensor tensor.type: float32 tensor.location: cpu tensor instanceof Tensor: false
[sessionRun] feed key: past_key_values.3.decoder.key v.constructor: _Tensor tensor.type: float32 tensor.location: cpu tensor instanceof Tensor: false
[sessionRun] feed key: past_key_values.3.decoder.value v.constructor: _Tensor tensor.type: float32 tensor.location: cpu tensor instanceof Tensor: false
[sessionRun] feed key: past_key_values.3.encoder.key v.constructor: _Tensor tensor.type: float32 tensor.location: cpu tensor instanceof Tensor: false
[sessionRun] feed key: past_key_values.3.encoder.value v.constructor: _Tensor tensor.type: float32 tensor.location: cpu tensor instanceof Tensor: false
[sessionRun] feed key: past_key_values.4.decoder.key v.constructor: _Tensor tensor.type: float32 tensor.location: cpu tensor instanceof Tensor: false
[sessionRun] feed key: past_key_values.4.decoder.value v.constructor: _Tensor tensor.type: float32 tensor.location: cpu tensor instanceof Tensor: false
[sessionRun] feed key: past_key_values.4.encoder.key v.constructor: _Tensor tensor.type: float32 tensor.location: cpu tensor instanceof Tensor: false
[sessionRun] feed key: past_key_values.4.encoder.value v.constructor: _Tensor tensor.type: float32 tensor.location: cpu tensor instanceof Tensor: false
[sessionRun] feed key: past_key_values.5.decoder.key v.constructor: _Tensor tensor.type: float32 tensor.location: cpu tensor instanceof Tensor: false
[sessionRun] feed key: past_key_values.5.decoder.value v.constructor: _Tensor tensor.type: float32 tensor.location: cpu tensor instanceof Tensor: false
[sessionRun] feed key: past_key_values.5.encoder.key v.constructor: _Tensor tensor.type: float32 tensor.location: cpu tensor instanceof Tensor: false
[sessionRun] feed key: past_key_values.5.encoder.value v.constructor: _Tensor tensor.type: float32 tensor.location: cpu tensor instanceof Tensor: false
[sessionRun] feed key: past_key_values.6.decoder.key v.constructor: _Tensor tensor.type: float32 tensor.location: cpu tensor instanceof Tensor: false
[sessionRun] feed key: past_key_values.6.decoder.value v.constructor: _Tensor tensor.type: float32 tensor.location: cpu tensor instanceof Tensor: false
[sessionRun] feed key: past_key_values.6.encoder.key v.constructor: _Tensor tensor.type: float32 tensor.location: cpu tensor instanceof Tensor: false
[sessionRun] feed key: past_key_values.6.encoder.value v.constructor: _Tensor tensor.type: float32 tensor.location: cpu tensor instanceof Tensor: false
[sessionRun] feed key: past_key_values.7.decoder.key v.constructor: _Tensor tensor.type: float32 tensor.location: cpu tensor instanceof Tensor: false
[sessionRun] feed key: past_key_values.7.decoder.value v.constructor: _Tensor tensor.type: float32 tensor.location: cpu tensor instanceof Tensor: false
[sessionRun] feed key: past_key_values.7.encoder.key v.constructor: _Tensor tensor.type: float32 tensor.location: cpu tensor instanceof Tensor: false
[sessionRun] feed key: past_key_values.7.encoder.value v.constructor: _Tensor tensor.type: float32 tensor.location: cpu tensor instanceof Tensor: false
[sessionRun] feed key: past_key_values.8.decoder.key v.constructor: _Tensor tensor.type: float32 tensor.location: cpu tensor instanceof Tensor: false
[sessionRun] feed key: past_key_values.8.decoder.value v.constructor: _Tensor tensor.type: float32 tensor.location: cpu tensor instanceof Tensor: false
[sessionRun] feed key: past_key_values.8.encoder.key v.constructor: _Tensor tensor.type: float32 tensor.location: cpu tensor instanceof Tensor: false
[sessionRun] feed key: past_key_values.8.encoder.value v.constructor: _Tensor tensor.type: float32 tensor.location: cpu tensor instanceof Tensor: false
[sessionRun] feed key: past_key_values.9.decoder.key v.constructor: _Tensor tensor.type: float32 tensor.location: cpu tensor instanceof Tensor: false
[sessionRun] feed key: past_key_values.9.decoder.value v.constructor: _Tensor tensor.type: float32 tensor.location: cpu tensor instanceof Tensor: false
[sessionRun] feed key: past_key_values.9.encoder.key v.constructor: _Tensor tensor.type: float32 tensor.location: cpu tensor instanceof Tensor: false
[sessionRun] feed key: past_key_values.9.encoder.value v.constructor: _Tensor tensor.type: float32 tensor.location: cpu tensor instanceof Tensor: false
[sessionRun] feed key: past_key_values.10.decoder.key v.constructor: _Tensor tensor.type: float32 tensor.location: cpu tensor instanceof Tensor: false
[sessionRun] feed key: past_key_values.10.decoder.value v.constructor: _Tensor tensor.type: float32 tensor.location: cpu tensor instanceof Tensor: false
[sessionRun] feed key: past_key_values.10.encoder.key v.constructor: _Tensor tensor.type: float32 tensor.location: cpu tensor instanceof Tensor: false
[sessionRun] feed key: past_key_values.10.encoder.value v.constructor: _Tensor tensor.type: float32 tensor.location: cpu tensor instanceof Tensor: false
[sessionRun] feed key: past_key_values.11.decoder.key v.constructor: _Tensor tensor.type: float32 tensor.location: cpu tensor instanceof Tensor: false
[sessionRun] feed key: past_key_values.11.decoder.value v.constructor: _Tensor tensor.type: float32 tensor.location: cpu tensor instanceof Tensor: false
[sessionRun] feed key: past_key_values.11.encoder.key v.constructor: _Tensor tensor.type: float32 tensor.location: cpu tensor instanceof Tensor: false
[sessionRun] feed key: past_key_values.11.encoder.value v.constructor: _Tensor tensor.type: float32 tensor.location: cpu tensor instanceof Tensor: false
[sessionRun] feed key: use_cache_branch v.constructor: _Tensor tensor.type: bool tensor.location: cpu tensor instanceof Tensor: true
[sessionRun] ENTERED [
  "input_ids", "encoder_hidden_states", "past_key_values.0.decoder.key", "past_key_values.0.decoder.value",
  "past_key_values.0.encoder.key", "past_key_values.0.encoder.value", "past_key_values.1.decoder.key",
  "past_key_values.1.decoder.value", "past_key_values.1.encoder.key", "past_key_values.1.encoder.value",
  "past_key_values.2.decoder.key", "past_key_values.2.decoder.value", "past_key_values.2.encoder.key",
  "past_key_values.2.encoder.value", "past_key_values.3.decoder.key", "past_key_values.3.decoder.value",
  "past_key_values.3.encoder.key", "past_key_values.3.encoder.value", "past_key_values.4.decoder.key",
  "past_key_values.4.decoder.value", "past_key_values.4.encoder.key", "past_key_values.4.encoder.value",
  "past_key_values.5.decoder.key", "past_key_values.5.decoder.value", "past_key_values.5.encoder.key",
  "past_key_values.5.encoder.value", "past_key_values.6.decoder.key", "past_key_values.6.decoder.value",
  "past_key_values.6.encoder.key", "past_key_values.6.encoder.value", "past_key_values.7.decoder.key",
  "past_key_values.7.decoder.value", "past_key_values.7.encoder.key", "past_key_values.7.encoder.value",
  "past_key_values.8.decoder.key", "past_key_values.8.decoder.value", "past_key_values.8.encoder.key",
  "past_key_values.8.encoder.value", "past_key_values.9.decoder.key", "past_key_values.9.decoder.value",
  "past_key_values.9.encoder.key", "past_key_values.9.encoder.value", "past_key_values.10.decoder.key",
  "past_key_values.10.decoder.value", "past_key_values.10.encoder.key", "past_key_values.10.encoder.value",
  "past_key_values.11.decoder.key", "past_key_values.11.decoder.value", "past_key_values.11.encoder.key",
  "past_key_values.11.encoder.value", "use_cache_branch"
] [
  "input_ids", "encoder_hidden_states", "past_key_values.0.decoder.key", "past_key_values.0.decoder.value",
  "past_key_values.0.encoder.key", "past_key_values.0.encoder.value", "past_key_values.1.decoder.key",
  "past_key_values.1.decoder.value", "past_key_values.1.encoder.key", "past_key_values.1.encoder.value",
  "past_key_values.2.decoder.key", "past_key_values.2.decoder.value", "past_key_values.2.encoder.key",
  "past_key_values.2.encoder.value", "past_key_values.3.decoder.key", "past_key_values.3.decoder.value",
  "past_key_values.3.encoder.key", "past_key_values.3.encoder.value", "past_key_values.4.decoder.key",
  "past_key_values.4.decoder.value", "past_key_values.4.encoder.key", "past_key_values.4.encoder.value",
  "past_key_values.5.decoder.key", "past_key_values.5.decoder.value", "past_key_values.5.encoder.key",
  "past_key_values.5.encoder.value", "past_key_values.6.decoder.key", "past_key_values.6.decoder.value",
  "past_key_values.6.encoder.key", "past_key_values.6.encoder.value", "past_key_values.7.decoder.key",
  "past_key_values.7.decoder.value", "past_key_values.7.encoder.key", "past_key_values.7.encoder.value",
  "past_key_values.8.decoder.key", "past_key_values.8.decoder.value", "past_key_values.8.encoder.key",
  "past_key_values.8.encoder.value", "past_key_values.9.decoder.key", "past_key_values.9.decoder.value",
  "past_key_values.9.encoder.key", "past_key_values.9.encoder.value", "past_key_values.10.decoder.key",
  "past_key_values.10.decoder.value", "past_key_values.10.encoder.key", "past_key_values.10.encoder.value",
  "past_key_values.11.decoder.key", "past_key_values.11.decoder.value", "past_key_values.11.encoder.key",
  "past_key_values.11.encoder.value", "use_cache_branch"
]
[sessionRun] session.inputNames: [
  "input_ids", "encoder_hidden_states", "past_key_values.0.decoder.key", "past_key_values.0.decoder.value",
  "past_key_values.0.encoder.key", "past_key_values.0.encoder.value", "past_key_values.1.decoder.key",
  "past_key_values.1.decoder.value", "past_key_values.1.encoder.key", "past_key_values.1.encoder.value",
  "past_key_values.2.decoder.key", "past_key_values.2.decoder.value", "past_key_values.2.encoder.key",
  "past_key_values.2.encoder.value", "past_key_values.3.decoder.key", "past_key_values.3.decoder.value",
  "past_key_values.3.encoder.key", "past_key_values.3.encoder.value", "past_key_values.4.decoder.key",
  "past_key_values.4.decoder.value", "past_key_values.4.encoder.key", "past_key_values.4.encoder.value",
  "past_key_values.5.decoder.key", "past_key_values.5.decoder.value", "past_key_values.5.encoder.key",
  "past_key_values.5.encoder.value", "past_key_values.6.decoder.key", "past_key_values.6.decoder.value",
  "past_key_values.6.encoder.key", "past_key_values.6.encoder.value", "past_key_values.7.decoder.key",
  "past_key_values.7.decoder.value", "past_key_values.7.encoder.key", "past_key_values.7.encoder.value",
  "past_key_values.8.decoder.key", "past_key_values.8.decoder.value", "past_key_values.8.encoder.key",
  "past_key_values.8.encoder.value", "past_key_values.9.decoder.key", "past_key_values.9.decoder.value",
  "past_key_values.9.encoder.key", "past_key_values.9.encoder.value", "past_key_values.10.decoder.key",
  "past_key_values.10.decoder.value", "past_key_values.10.encoder.key", "past_key_values.10.encoder.value",
  "past_key_values.11.decoder.key", "past_key_values.11.decoder.value", "past_key_values.11.encoder.key",
  "past_key_values.11.encoder.value", "use_cache_branch"
]
[sessionRun] inputs keys: [
  "input_ids", "encoder_hidden_states", "past_key_values.0.decoder.key", "past_key_values.0.decoder.value",
  "past_key_values.0.encoder.key", "past_key_values.0.encoder.value", "past_key_values.1.decoder.key",
  "past_key_values.1.decoder.value", "past_key_values.1.encoder.key", "past_key_values.1.encoder.value",
  "past_key_values.2.decoder.key", "past_key_values.2.decoder.value", "past_key_values.2.encoder.key",
  "past_key_values.2.encoder.value", "past_key_values.3.decoder.key", "past_key_values.3.decoder.value",
  "past_key_values.3.encoder.key", "past_key_values.3.encoder.value", "past_key_values.4.decoder.key",
  "past_key_values.4.decoder.value", "past_key_values.4.encoder.key", "past_key_values.4.encoder.value",
  "past_key_values.5.decoder.key", "past_key_values.5.decoder.value", "past_key_values.5.encoder.key",
  "past_key_values.5.encoder.value", "past_key_values.6.decoder.key", "past_key_values.6.decoder.value",
  "past_key_values.6.encoder.key", "past_key_values.6.encoder.value", "past_key_values.7.decoder.key",
  "past_key_values.7.decoder.value", "past_key_values.7.encoder.key", "past_key_values.7.encoder.value",
  "past_key_values.8.decoder.key", "past_key_values.8.decoder.value", "past_key_values.8.encoder.key",
  "past_key_values.8.encoder.value", "past_key_values.9.decoder.key", "past_key_values.9.decoder.value",
  "past_key_values.9.encoder.key", "past_key_values.9.encoder.value", "past_key_values.10.decoder.key",
  "past_key_values.10.decoder.value", "past_key_values.10.encoder.key", "past_key_values.10.encoder.value",
  "past_key_values.11.decoder.key", "past_key_values.11.decoder.value", "past_key_values.11.encoder.key",
  "past_key_values.11.encoder.value", "use_cache_branch"
]
[sessionRun] checkedInputs keys: [
  "input_ids", "encoder_hidden_states", "past_key_values.0.decoder.key", "past_key_values.0.decoder.value",
  "past_key_values.0.encoder.key", "past_key_values.0.encoder.value", "past_key_values.1.decoder.key",
  "past_key_values.1.decoder.value", "past_key_values.1.encoder.key", "past_key_values.1.encoder.value",
  "past_key_values.2.decoder.key", "past_key_values.2.decoder.value", "past_key_values.2.encoder.key",
  "past_key_values.2.encoder.value", "past_key_values.3.decoder.key", "past_key_values.3.decoder.value",
  "past_key_values.3.encoder.key", "past_key_values.3.encoder.value", "past_key_values.4.decoder.key",
  "past_key_values.4.decoder.value", "past_key_values.4.encoder.key", "past_key_values.4.encoder.value",
  "past_key_values.5.decoder.key", "past_key_values.5.decoder.value", "past_key_values.5.encoder.key",
  "past_key_values.5.encoder.value", "past_key_values.6.decoder.key", "past_key_values.6.decoder.value",
  "past_key_values.6.encoder.key", "past_key_values.6.encoder.value", "past_key_values.7.decoder.key",
  "past_key_values.7.decoder.value", "past_key_values.7.encoder.key", "past_key_values.7.encoder.value",
  "past_key_values.8.decoder.key", "past_key_values.8.decoder.value", "past_key_values.8.encoder.key",
  "past_key_values.8.encoder.value", "past_key_values.9.decoder.key", "past_key_values.9.decoder.value",
  "past_key_values.9.encoder.key", "past_key_values.9.encoder.value", "past_key_values.10.decoder.key",
  "past_key_values.10.decoder.value", "past_key_values.10.encoder.key", "past_key_values.10.encoder.value",
  "past_key_values.11.decoder.key", "past_key_values.11.decoder.value", "past_key_values.11.encoder.key",
  "past_key_values.11.encoder.value", "use_cache_branch"
]
[sessionRun] feed key: input_ids v.constructor: _Tensor tensor.type: int64 tensor.location: cpu tensor instanceof Tensor: true
[sessionRun] feed key: encoder_hidden_states v.constructor: _Tensor tensor.type: float32 tensor.location: cpu tensor instanceof Tensor: false
[sessionRun] feed key: past_key_values.0.decoder.key v.constructor: _Tensor tensor.type: float32 tensor.location: cpu tensor instanceof Tensor: false
[sessionRun] feed key: past_key_values.0.decoder.value v.constructor: _Tensor tensor.type: float32 tensor.location: cpu tensor instanceof Tensor: false
[sessionRun] feed key: past_key_values.0.encoder.key v.constructor: _Tensor tensor.type: float32 tensor.location: cpu tensor instanceof Tensor: false
[sessionRun] feed key: past_key_values.0.encoder.value v.constructor: _Tensor tensor.type: float32 tensor.location: cpu tensor instanceof Tensor: false
[sessionRun] feed key: past_key_values.1.decoder.key v.constructor: _Tensor tensor.type: float32 tensor.location: cpu tensor instanceof Tensor: false
[sessionRun] feed key: past_key_values.1.decoder.value v.constructor: _Tensor tensor.type: float32 tensor.location: cpu tensor instanceof Tensor: false
[sessionRun] feed key: past_key_values.1.encoder.key v.constructor: _Tensor tensor.type: float32 tensor.location: cpu tensor instanceof Tensor: false
[sessionRun] feed key: past_key_values.1.encoder.value v.constructor: _Tensor tensor.type: float32 tensor.location: cpu tensor instanceof Tensor: false
[sessionRun] feed key: past_key_values.2.decoder.key v.constructor: _Tensor tensor.type: float32 tensor.location: cpu tensor instanceof Tensor: false
[sessionRun] feed key: past_key_values.2.decoder.value v.constructor: _Tensor tensor.type: float32 tensor.location: cpu tensor instanceof Tensor: false
[sessionRun] feed key: past_key_values.2.encoder.key v.constructor: _Tensor tensor.type: float32 tensor.location: cpu tensor instanceof Tensor: false
[sessionRun] feed key: past_key_values.2.encoder.value v.constructor: _Tensor tensor.type: float32 tensor.location: cpu tensor instanceof Tensor: false
[sessionRun] feed key: past_key_values.3.decoder.key v.constructor: _Tensor tensor.type: float32 tensor.location: cpu tensor instanceof Tensor: false
[sessionRun] feed key: past_key_values.3.decoder.value v.constructor: _Tensor tensor.type: float32 tensor.location: cpu tensor instanceof Tensor: false
[sessionRun] feed key: past_key_values.3.encoder.key v.constructor: _Tensor tensor.type: float32 tensor.location: cpu tensor instanceof Tensor: false
[sessionRun] feed key: past_key_values.3.encoder.value v.constructor: _Tensor tensor.type: float32 tensor.location: cpu tensor instanceof Tensor: false
[sessionRun] feed key: past_key_values.4.decoder.key v.constructor: _Tensor tensor.type: float32 tensor.location: cpu tensor instanceof Tensor: false
[sessionRun] feed key: past_key_values.4.decoder.value v.constructor: _Tensor tensor.type: float32 tensor.location: cpu tensor instanceof Tensor: false
[sessionRun] feed key: past_key_values.4.encoder.key v.constructor: _Tensor tensor.type: float32 tensor.location: cpu tensor instanceof Tensor: false
[sessionRun] feed key: past_key_values.4.encoder.value v.constructor: _Tensor tensor.type: float32 tensor.location: cpu tensor instanceof Tensor: false
[sessionRun] feed key: past_key_values.5.decoder.key v.constructor: _Tensor tensor.type: float32 tensor.location: cpu tensor instanceof Tensor: false
[sessionRun] feed key: past_key_values.5.decoder.value v.constructor: _Tensor tensor.type: float32 tensor.location: cpu tensor instanceof Tensor: false
[sessionRun] feed key: past_key_values.5.encoder.key v.constructor: _Tensor tensor.type: float32 tensor.location: cpu tensor instanceof Tensor: false
[sessionRun] feed key: past_key_values.5.encoder.value v.constructor: _Tensor tensor.type: float32 tensor.location: cpu tensor instanceof Tensor: false
[sessionRun] feed key: past_key_values.6.decoder.key v.constructor: _Tensor tensor.type: float32 tensor.location: cpu tensor instanceof Tensor: false
[sessionRun] feed key: past_key_values.6.decoder.value v.constructor: _Tensor tensor.type: float32 tensor.location: cpu tensor instanceof Tensor: false
[sessionRun] feed key: past_key_values.6.encoder.key v.constructor: _Tensor tensor.type: float32 tensor.location: cpu tensor instanceof Tensor: false
[sessionRun] feed key: past_key_values.6.encoder.value v.constructor: _Tensor tensor.type: float32 tensor.location: cpu tensor instanceof Tensor: false
[sessionRun] feed key: past_key_values.7.decoder.key v.constructor: _Tensor tensor.type: float32 tensor.location: cpu tensor instanceof Tensor: false
[sessionRun] feed key: past_key_values.7.decoder.value v.constructor: _Tensor tensor.type: float32 tensor.location: cpu tensor instanceof Tensor: false
[sessionRun] feed key: past_key_values.7.encoder.key v.constructor: _Tensor tensor.type: float32 tensor.location: cpu tensor instanceof Tensor: false
[sessionRun] feed key: past_key_values.7.encoder.value v.constructor: _Tensor tensor.type: float32 tensor.location: cpu tensor instanceof Tensor: false
[sessionRun] feed key: past_key_values.8.decoder.key v.constructor: _Tensor tensor.type: float32 tensor.location: cpu tensor instanceof Tensor: false
[sessionRun] feed key: past_key_values.8.decoder.value v.constructor: _Tensor tensor.type: float32 tensor.location: cpu tensor instanceof Tensor: false
[sessionRun] feed key: past_key_values.8.encoder.key v.constructor: _Tensor tensor.type: float32 tensor.location: cpu tensor instanceof Tensor: false
[sessionRun] feed key: past_key_values.8.encoder.value v.constructor: _Tensor tensor.type: float32 tensor.location: cpu tensor instanceof Tensor: false
[sessionRun] feed key: past_key_values.9.decoder.key v.constructor: _Tensor tensor.type: float32 tensor.location: cpu tensor instanceof Tensor: false
[sessionRun] feed key: past_key_values.9.decoder.value v.constructor: _Tensor tensor.type: float32 tensor.location: cpu tensor instanceof Tensor: false
[sessionRun] feed key: past_key_values.9.encoder.key v.constructor: _Tensor tensor.type: float32 tensor.location: cpu tensor instanceof Tensor: false
[sessionRun] feed key: past_key_values.9.encoder.value v.constructor: _Tensor tensor.type: float32 tensor.location: cpu tensor instanceof Tensor: false
[sessionRun] feed key: past_key_values.10.decoder.key v.constructor: _Tensor tensor.type: float32 tensor.location: cpu tensor instanceof Tensor: false
[sessionRun] feed key: past_key_values.10.decoder.value v.constructor: _Tensor tensor.type: float32 tensor.location: cpu tensor instanceof Tensor: false
[sessionRun] feed key: past_key_values.10.encoder.key v.constructor: _Tensor tensor.type: float32 tensor.location: cpu tensor instanceof Tensor: false
[sessionRun] feed key: past_key_values.10.encoder.value v.constructor: _Tensor tensor.type: float32 tensor.location: cpu tensor instanceof Tensor: false
[sessionRun] feed key: past_key_values.11.decoder.key v.constructor: _Tensor tensor.type: float32 tensor.location: cpu tensor instanceof Tensor: false
[sessionRun] feed key: past_key_values.11.decoder.value v.constructor: _Tensor tensor.type: float32 tensor.location: cpu tensor instanceof Tensor: false
[sessionRun] feed key: past_key_values.11.encoder.key v.constructor: _Tensor tensor.type: float32 tensor.location: cpu tensor instanceof Tensor: false
[sessionRun] feed key: past_key_values.11.encoder.value v.constructor: _Tensor tensor.type: float32 tensor.location: cpu tensor instanceof Tensor: false
[sessionRun] feed key: use_cache_branch v.constructor: _Tensor tensor.type: bool tensor.location: cpu tensor instanceof Tensor: true

# Unhandled error between tests
-------------------------------
30469 |    * @param {number} [num_input_ids=0] Number of decoder input ids (prefix tokens) to skip in DTW
30470 |    * @returns {Tensor} tensor containing the timestamps in seconds for each predicted token
30471 |    */
30472 |   _extract_token_timestamps(generate_outputs, alignment_heads, num_frames = null, time_precision = 0.02, num_input_ids = 0) {
30473 |     if (!generate_outputs.cross_attentions) {
30474 |       throw new Error(
                        ^
error: Model outputs must contain cross attentions to extract timestamps. This is most likely because the model was not exported with `output_attentions=True`.
      at _extract_token_timestamps (D:\Works\Projects\Artidor\node_modules\.bun\@huggingface+transformers@4.2.0\node_modules\@huggingface\transformers\dist\transformers.node.mjs:30474:17)
      at _generate_with_seek (D:\Works\Projects\Artidor\node_modules\.bun\@huggingface+transformers@4.2.0\node_modules\@huggingface\transformers\dist\transformers.node.mjs:30395:44)
-------------------------------


src\lib\rendering.test.ts:
(pass) blend modes expose the complete verified renderer set [0.09ms]
(pass) unknown blend modes fall back to normal [0.09ms]

src\stores\timeline-tool-store.test.ts:
(pass) split tool toggles back to select [0.26ms]
(pass) escape/select resets split tool [0.04ms]

src\components\editor\project-details-summary.test.ts:
(pass) summarizes project settings for the compact right card [0.20ms]
(pass) summarizes an empty project without blank values [0.06ms]

src\lib\ai\sse.test.ts:
(pass) formatSseEvent > terminates an event with real SSE newlines [0.08ms]

src\lib\animation\media-graphic-style.test.ts:

# Unhandled error between tests
-------------------------------
1 | /* @ts-self-types="./artidor_wasm.d.ts" */
2 | import * as wasm from "./artidor_wasm_bg.wasm";
3 | import { __wbg_set_wasm } from "./artidor_wasm_bg.js";
4 | 
5 | __wbg_set_wasm(wasm);
6 | wasm.__wbindgen_start();
         ^
TypeError: wasm.__wbindgen_start is not a function. (In 'wasm.__wbindgen_start()', 'wasm.__wbindgen_start' is undefined)
      at D:\Works\Projects\Artidor\rust\wasm\pkg\artidor_wasm.js:6:6
-------------------------------


src\lib\audio\beat-sync.test.ts:
beat-sync: all assertions passed

src\lib\i18n\dictionaries.test.ts:
(pass) translate falls back to English [0.13ms]
(pass) translate interpolates values [0.12ms]

src\lib\media\beat-analysis-gate.test.ts:
(pass) beat analysis gate rejects a concurrent different job [0.25ms]
(pass) beat analysis gate accepts a new job after settlement [0.12ms]

src\lib\media\beat-time.test.ts:
(pass) beat analysis uses canonical timeline ticks [0.06ms]

src\lib\media\beat-timeline.test.ts:
(pass) offsets clip-relative beats to absolute timeline ticks [0.12ms]

src\lib\media\proxy.test.ts:
proxy: all assertions passed

src\lib\perf\editor-performance-budgets.test.ts:
(pass) editor performance budgets stay explicit [0.09ms]
(pass) assertWithinBudget rejects over-budget values [0.13ms]

src\lib\perf\preview-quality.test.ts:
preview-quality: all assertions passed

src\lib\perf\render-perf-tracker.test.ts:
render-perf-tracker: all assertions passed

src\lib\subtitles\caption-cues.test.ts:
(pass) maps caption elements into sorted seconds-based cues [0.17ms]

src\lib\timeline\smart-edit.test.ts:
smart-edit: all assertions passed

src\lib\transcription\processing-state.test.ts:
(pass) keeps model download percentage [0.11ms]
(pass) keeps inference progress indeterminate [0.03ms]

src\services\renderer\segment-plan.test.ts:
(pass) planSegmentCount > returns 1 for an empty timeline [0.08ms]
(pass) planSegmentCount > returns 1 when the timeline is too short to split [0.02ms]
(pass) planSegmentCount > scales with core count up to the cap [0.05ms]
(pass) planSegmentCount > is limited by timeline length [0.02ms]
(pass) planSegmentCount > falls back to a safe core count for bad inputs [0.09ms]
(pass) buildSegmentPlans > covers the whole range with no gap or overlap [0.18ms]
(pass) buildSegmentPlans > frame counts sum to the total and differ by at most one [0.12ms]
(pass) buildSegmentPlans > each segment's frame count matches its range width [0.07ms]
(pass) buildSegmentPlans > startSeconds equals the exact global start time [0.05ms]
(pass) buildSegmentPlans > offsetting local timestamps reproduces uniform global spacing [0.11ms]
(pass) buildSegmentPlans > handles a single segment [0.06ms]

src\services\transcription\backend.test.ts:
(pass) getTranscriptionBackends > prefers WebGPU and preserves a WASM fallback [0.08ms]
(pass) getTranscriptionBackends > uses WASM when WebGPU is unavailable [0.02ms]

src\services\transcription\onnx-runtime.test.ts:
(pass) avoids blob-backed ONNX WASM modules [0.16ms]
(pass) only applies WASM restrictions to the WASM fallback [0.05ms]

src\services\transcription\segments.test.ts:
(pass) uses segment timestamps without cross attentions [0.04ms]
(pass) preserves model segment timing for caption generation [0.39ms]

src\services\transcription\service.test.ts:
(pass) model loading gate deduplicates concurrent loads [0.23ms]
(pass) model loading gate retries after failure [0.15ms]

src\services\video-cache\gop-index.test.ts:
(pass) findNearestKeyframe > returns null for empty index [0.16ms]
(pass) findNearestKeyframe > returns null when target is before first keyframe [0.05ms]
(pass) findNearestKeyframe > returns first keyframe when target equals first keyframe [0.04ms]
(pass) findNearestKeyframe > returns last keyframe when target is at or after last keyframe [0.04ms]
(pass) findNearestKeyframe > returns nearest preceding keyframe for mid-video seek [0.05ms]
(pass) findNearestKeyframe > returns exact keyframe when target matches [0.04ms]
(pass) findNearestKeyframe > handles large index efficiently (binary search) [0.08ms]
(pass) findNearestKeyframe > handles single-keyframe video [0.04ms]

src\utils\__tests__\math.test.ts:
(pass) evaluateMathExpression > basic arithmetic > should add numbers [0.49ms]
(pass) evaluateMathExpression > basic arithmetic > should subtract numbers [0.05ms]
(pass) evaluateMathExpression > basic arithmetic > should multiply numbers [0.06ms]
(pass) evaluateMathExpression > basic arithmetic > should divide numbers [0.06ms]
(pass) evaluateMathExpression > operator precedence > should respect multiplication over addition [0.06ms]
(pass) evaluateMathExpression > operator precedence > should respect division over subtraction [0.05ms]
(pass) evaluateMathExpression > parentheses > should evaluate expressions in parentheses first [0.05ms]
(pass) evaluateMathExpression > parentheses > should handle nested parentheses [0.08ms]
(pass) evaluateMathExpression > decimal numbers > should handle decimal numbers [0.08ms]
(pass) evaluateMathExpression > negative numbers > should handle negative numbers [0.05ms]
(pass) evaluateMathExpression > whitespace handling > should handle various whitespace [0.04ms]
(pass) evaluateMathExpression > edge cases > should handle single number [0.05ms]
(pass) evaluateMathExpression > edge cases > should return null for empty string [0.03ms]
(pass) evaluateMathExpression > edge cases > should return null for invalid characters [0.02ms]
(pass) evaluateMathExpression > edge cases > should return null for unbalanced parentheses [0.06ms]
(pass) evaluateMathExpression > edge cases > should return null for division by zero [0.06ms]
(pass) evaluateMathExpression > edge cases > should return null for incomplete expressions [0.06ms]
(pass) evaluateMathExpression > security - code injection prevention > should reject code injection attempts [0.07ms]
(pass) evaluateMathExpression > security - code injection prevention > should reject prototype pollution attempts [0.04ms]

src\app\projects\__tests__\projects-background.test.ts:
(pass) projects page background > removes the old Covenant artwork background [0.41ms]
(pass) projects page background > renders the PinedIn-style background layer [0.27ms]

src\lib\ai\providers\openai.test.ts:
(pass) OpenAIProvider.chatStream > requests upstream streaming and yields each text delta [3.15ms]
(pass) OpenAIProvider.chatStream > allows a local OpenAI-compatible endpoint without an API key [0.46ms]

src\lib\animation\__tests__\binding-values.test.ts:
(pass) binding values > formats composed animated colors as hex [0.39ms]

src\lib\animation\__tests__\transform-z-and-groups.test.ts:
2 | import * as wasm from "./artidor_wasm_bg.wasm";
3 | import { __wbg_set_wasm } from "./artidor_wasm_bg.js";
4 | 
5 | __wbg_set_wasm(wasm);
6 | wasm.__wbindgen_start();
7 | export {
    ^
TypeError: wasm.__wbindgen_start is not a function. (In 'wasm.__wbindgen_start()', 'wasm.__wbindgen_start' is undefined)
      at D:\Works\Projects\Artidor\rust\wasm\pkg\artidor_wasm.js:7:1
(fail) (unnamed) [0.29ms]

src\lib\fps\__tests__\fps.test.ts:
(pass) getHighestImportedVideoFps > returns the highest valid video fps [0.11ms]
(pass) getHighestImportedVideoFps > ignores missing and invalid fps values [0.05ms]
(pass) getRaisedProjectFpsForImportedMedia > raises the project fps to match a higher-fps import [0.15ms]
(pass) getRaisedProjectFpsForImportedMedia > does not lower the project fps for lower-fps imports [0.03ms]
(pass) getRaisedProjectFpsForImportedMedia > ignores non-video imports [0.03ms]

src\lib\graphics\__tests__\freehand-normalize.test.ts:
(pass) normalizeStandaloneFreehand round-trip > center stroke round-trips to where it was drawn [0.38ms]
(pass) normalizeStandaloneFreehand round-trip > far-left-edge stroke round-trips (regression: used to vanish) [0.17ms]
(pass) normalizeStandaloneFreehand round-trip > oversized drawing is shrunk to fit the source buffer [0.12ms]

src\lib\masks\__tests__\snap.test.ts:
(pass) mask geometry > resolves split mask center from centerX and centerY [0.35ms]
(pass) mask geometry > resolves box mask center and size from centerX and centerY [0.14ms]
(pass) mask geometry > returns a vertical split stroke segment for rotation 0 [2.66ms]
(pass) mask geometry > returns a horizontal split stroke segment for rotation 90 [0.11ms]
(pass) mask snapping > snaps split mask movement using the shared position pipeline [0.45ms]
(pass) mask snapping > snaps box mask movement against element center and edges [0.10ms]
(pass) mask snapping > snaps mask rotation through the shared rotation path [0.12ms]
(pass) mask snapping > snaps edge resize for box masks [0.62ms]
(pass) mask snapping > snaps corner resize for box masks [0.45ms]

src\lib\media\__tests__\audio-silence.test.ts:
2 | import * as wasm from "./artidor_wasm_bg.wasm";
3 | import { __wbg_set_wasm } from "./artidor_wasm_bg.js";
4 | 
5 | __wbg_set_wasm(wasm);
6 | wasm.__wbindgen_start();
7 | export {
    ^
TypeError: wasm.__wbindgen_start is not a function. (In 'wasm.__wbindgen_start()', 'wasm.__wbindgen_start' is undefined)
      at D:\Works\Projects\Artidor\rust\wasm\pkg\artidor_wasm.js:7:1
(fail) (unnamed) [5.02ms]

src\lib\media\__tests__\audio-track-selection.test.ts:

# Unhandled error between tests
-------------------------------
2 | import * as wasm from "./artidor_wasm_bg.wasm";
3 | import { __wbg_set_wasm } from "./artidor_wasm_bg.js";
4 | 
5 | __wbg_set_wasm(wasm);
6 | wasm.__wbindgen_start();
7 | export {
    ^
TypeError: wasm.__wbindgen_start is not a function. (In 'wasm.__wbindgen_start()', 'wasm.__wbindgen_start' is undefined)
      at D:\Works\Projects\Artidor\rust\wasm\pkg\artidor_wasm.js:7:1
-------------------------------


src\lib\presets\__tests__\layouts.test.ts:
(pass) resolveLayoutSlots > grid 2x2 produces four equal quadrants covering the whole canvas [0.31ms]
(pass) resolveLayoutSlots > grid 2x3 with gap of 4px splits horizontally with 4px gutters [0.09ms]
(pass) resolveLayoutSlots > horizontal 1x2 (rows=1, cols=2) gives 2 vertical strips [0.04ms]
(pass) resolveLayoutSlots > vertical 1x2 (rows=2, cols=1) gives 2 horizontal strips [0.03ms]
(pass) resolveLayoutSlots > pip with mainHeightShare=0.66 puts main slot at top 66% and PiP below [0.04ms]
(pass) resolveLayoutSlots > padding shrinks each slot by padding on all sides [0.07ms]
(pass) resolveLayoutSlots > throws on zero or negative canvas [0.10ms]
(pass) resolveLayoutSlots > throws on invalid mode [0.05ms]
(pass) resolveLayoutSlots > works on a 9:16 portrait canvas [0.04ms]
(pass) computeTransformForSlot > slot in canvas centre yields position offset of (0, 0) [0.10ms]
(pass) computeTransformForSlot > slot at top-left produces negative position offset [0.03ms]
(pass) computeTransformForSlot > stretch fit makes scaleX/scaleY proportional to slot/canvas ratio [0.03ms]
(pass) computeTransformForSlot > half-canvas slot produces half-canvas scale [0.02ms]
(pass) computeTransformForSlot > rotation is preserved [0.02ms]
(pass) computeTransformForSlot > contain fit on a non-square source uses letterbox math [0.04ms]
(pass) BUILTIN_LAYOUT_PRESETS > all presets have unique ids [0.04ms]
(pass) BUILTIN_LAYOUT_PRESETS > all presets have positive rows and cols [0.05ms]
(pass) BUILTIN_LAYOUT_PRESETS > all presets resolve to the expected number of slots [0.08ms]
(pass) BUILTIN_LAYOUT_PRESETS > getBuiltinLayoutPreset returns the preset by id or null [0.10ms]

src\lib\project-file\__tests__\artpr.test.ts:
(pass) .artpr project files > round-trips project JSON without storing plaintext [33.70ms]
(pass) .artpr project files > rejects tampered ciphertext [31.33ms]
(pass) .artpr project files > detects .artpr file names [0.11ms]

src\lib\retime\__tests__\resolve.test.ts:
(pass) retime resolve > maps clip time to source time at 2x speed [0.15ms]
(pass) retime resolve > maps clip time to source time at 0.5x speed [0.02ms]
(pass) retime resolve > returns clip time unchanged when no retime [0.02ms]
(pass) retime resolve > inverts source time back to clip time at 2x speed [0.10ms]
(pass) retime resolve > returns effective rate [0.11ms]
(pass) retime resolve > derives timeline duration for a visible source span [0.07ms]
(pass) retime resolve > clamps invalid rates to 1 [0.04ms]
(pass) retime resolve > caps retime rates above 5x [0.04ms]
(pass) retime resolve > maps curve speed ramps as playback rates [8.25ms]

src\lib\retime\__tests__\split.test.ts:
(pass) retime split > measures source span at a clip time [0.06ms]
(pass) retime split > returns zero for non-positive clip time [0.04ms]
(pass) retime split > passes the same retime to both halves when splitting [0.07ms]
(pass) retime split > returns undefined on both sides when no retime [0.03ms]

src\lib\stickers\__tests__\sticker-id.test.ts:
(pass) sticker-id strict mode > parses provider-prefixed IDs [0.09ms]
(pass) sticker-id strict mode > throws for IDs without provider prefix [0.06ms]
(pass) sticker-id strict mode > throws for malformed IDs [0.07ms]
(pass) sticker-id strict mode > builds sticker IDs unchanged [0.03ms]

src\lib\timeline\__tests__\audio-state.test.ts:

# Unhandled error between tests
-------------------------------
2 | import * as wasm from "./artidor_wasm_bg.wasm";
3 | import { __wbg_set_wasm } from "./artidor_wasm_bg.js";
4 | 
5 | __wbg_set_wasm(wasm);
6 | wasm.__wbindgen_start();
7 | export {
    ^
TypeError: wasm.__wbindgen_start is not a function. (In 'wasm.__wbindgen_start()', 'wasm.__wbindgen_start' is undefined)
      at D:\Works\Projects\Artidor\rust\wasm\pkg\artidor_wasm.js:7:1
-------------------------------


src\lib\whats-new\__tests__\feed.test.ts:
(pass) validateWhatsNewFeed > accepts newest-first entries with unique ids [0.05ms]
(pass) validateWhatsNewFeed > rejects duplicate ids [0.07ms]
(pass) validateWhatsNewFeed > rejects newer entries below older entries [0.05ms]
(pass) WHATS_NEW feed (real entries) > the real feed validates without throwing [0.09ms]
(pass) WHATS_NEW feed (real entries) > all entries have unique ids [0.13ms]
(pass) WHATS_NEW feed (real entries) > the newest entry is the localization and border controls update [0.04ms]

src\services\renderer\compositor\media-graphic-style.test.ts:
(pass) draws fill above opaque media so Color & Fill replaces pixels [0.15ms]
(pass) keeps shadow behind media and stroke above media [0.10ms]
(pass) places border above stroke and media [0.06ms]

src\components\editor\panels\timeline\drop-target.test.ts:
(pass) image media can drop onto the main track [0.70ms]

src\components\editor\panels\timeline\timeline-element.test.ts:
(pass) split pointer time is clamped to frame-aligned clip interior [0.11ms]
(pass) split pointer returns null on clip edges [0.03ms]

src\components\editor\panels\timeline\track-layout.test.ts:
track-layout: all assertions passed

src\lib\ai\tools\__tests__\macro-tools.test.ts:
macro-tools: all assertions passed

src\lib\ai\tools\__tests__\view-asset.test.ts:
(pass) view_asset tool registration > view_asset is registered in ALL_TOOLS [0.08ms]
(pass) view_asset tool registration > view_asset is in the asset category [0.09ms]
(pass) view_asset tool registration > view_asset requires assetId [0.07ms]
(pass) view_asset tool registration > view_asset has an optional sampleFrames parameter (1-8) [0.08ms]
(pass) view_asset tool registration > view_asset is included in getToolDefinitions() [0.13ms]
(pass) view_asset tool registration > view_asset is always included regardless of media model config [0.27ms]
(pass) view_asset tool registration > view_asset is NOT gated by video/image/audio/media model config [0.23ms]

src\lib\timeline\placement\__tests__\resolve.test.ts:
(pass) resolveTrackPlacement > explicit returns the requested compatible track [0.28ms]
(pass) resolveTrackPlacement > explicit rejects missing and incompatible tracks [0.08ms]
(pass) resolveTrackPlacement > firstAvailable picks the first compatible track without overlap [0.23ms]
(pass) resolveTrackPlacement > firstAvailable creates a new track when all compatible tracks are full [0.15ms]
(pass) resolveTrackPlacement > preferIndex uses the preferred track when it fits [0.13ms]
(pass) resolveTrackPlacement > preferIndex creates a new overlay track above the main track [0.05ms]
(pass) resolveTrackPlacement > preferIndex keeps audio tracks below the main track [0.06ms]
(pass) resolveTrackPlacement > aboveSource tries the track above source, then any compatible track [0.07ms]
(pass) resolveTrackPlacement > aboveSource creates a new overlay track in the overlay zone when none fit [0.06ms]
(pass) resolveTrackPlacement > alwaysNew honors highest and default insertion rules [0.09ms]
(pass) resolveTrackPlacement > batch time spans reject tracks when any span overlaps [0.07ms]
(pass) resolveTrackPlacement > handles main-only timelines, single tracks, and track-type derivation [0.06ms]
(pass) resolveTrackPlacement > existingTrack on main video includes adjustedStartTime when start snaps [0.08ms]
(pass) resolveTrackPlacement > preferIndex uses vertical drag direction when hovered track is incompatible [0.08ms]

src\services\storage\migrations\__tests__\v0-to-v1.test.ts:
(pass) V0 to V1 Migration > transformProjectV0ToV1 > adds scenes array to v0 project [0.26ms]
(pass) V0 to V1 Migration > transformProjectV0ToV1 > creates main scene with correct structure [0.09ms]
(pass) V0 to V1 Migration > transformProjectV0ToV1 > updates metadata.updatedAt when metadata exists [0.06ms]
(pass) V0 to V1 Migration > transformProjectV0ToV1 > updates root updatedAt when no metadata [0.04ms]
(pass) V0 to V1 Migration > transformProjectV0ToV1 > skips project that already has scenes [0.04ms]
(pass) V0 to V1 Migration > transformProjectV0ToV1 > preserves original project properties [0.04ms]
(pass) V0 to V1 Migration > getProjectId > returns id from root level [0.05ms]
(pass) V0 to V1 Migration > getProjectId > returns id from metadata when root id missing [0.02ms]
(pass) V0 to V1 Migration > getProjectId > returns null when no id found [0.02ms]
(pass) V0 to V1 Migration > getProjectId > returns null for malformed project [0.04ms]

src\services\storage\migrations\__tests__\v1-to-v2.test.ts:
(pass) V1 to V2 Migration > transformProjectV1ToV2 > creates metadata object from flat properties [0.97ms]
(pass) V1 to V2 Migration > transformProjectV1ToV2 > creates settings object from flat properties [0.12ms]
(pass) V1 to V2 Migration > transformProjectV1ToV2 > converts color background correctly [0.10ms]
(pass) V1 to V2 Migration > transformProjectV1ToV2 > converts blur background correctly [0.12ms]
(pass) V1 to V2 Migration > transformProjectV1ToV2 > applies legacy bookmarks to main scene [0.12ms]
(pass) V1 to V2 Migration > transformProjectV1ToV2 > preserves existing scene bookmarks [0.13ms]
(pass) V1 to V2 Migration > transformProjectV1ToV2 > skips project that already has v2 structure [0.08ms]
(pass) V1 to V2 Migration > transformProjectV1ToV2 > skips project with no id [0.08ms]
(pass) V1 to V2 Migration > transformProjectV1ToV2 > handles null values gracefully [0.09ms]
(pass) V1 to V2 Migration > transformProjectV1ToV2 > uses default values for missing properties [0.11ms]
(pass) V1 to V2 Migration > transformProjectV1ToV2 > uses default blur intensity when missing [0.09ms]
(pass) V1 to V2 Migration > transformProjectV1ToV2 > preserves currentSceneId [0.10ms]
(pass) V1 to V2 Migration > transformProjectV1ToV2 > finds main scene id when currentSceneId missing [0.11ms]
(pass) V1 to V2 Migration > transformProjectV1ToV2 > skips loading tracks if scene already has tracks [0.11ms]
(pass) V1 to V2 Migration > Track Loading and Transformation > loads tracks from legacy DB and transforms media track to video track [0.14ms]
(pass) V1 to V2 Migration > Track Loading and Transformation > transforms text element preserving opacity and migrating position [0.14ms]
(pass) V1 to V2 Migration > getProjectId > returns id from root level [0.06ms]
(pass) V1 to V2 Migration > getProjectId > returns id from metadata [0.03ms]

src\services\storage\migrations\__tests__\v15-to-v16.test.ts:
(pass) V15 to V16 Migration > renames sticker tracks to graphic tracks [0.22ms]
(pass) V15 to V16 Migration > skips projects already on v16 [0.04ms]
(pass) V15 to V16 Migration > skips projects with no id [0.04ms]

src\services\storage\migrations\__tests__\v16-to-v17.test.ts:
(pass) V16 to V17 Migration > adds center stroke alignment to masks that do not have it [0.25ms]
(pass) V16 to V17 Migration > skips projects already on v17 [0.04ms]
(pass) V16 to V17 Migration > skips projects with no id [0.04ms]

src\services\storage\migrations\__tests__\v18-to-v19.test.ts:
(pass) V18 to V19 Migration > adds canvas size mode and empty remembered custom size defaults [0.12ms]
(pass) V18 to V19 Migration > skips projects already on v19 [0.04ms]
(pass) V18 to V19 Migration > skips projects with no id [0.04ms]

src\services\storage\migrations\__tests__\v19-to-v20.test.ts:
(pass) V19 to V20 Migration > backfills source audio enabled state on video elements [0.32ms]
(pass) V19 to V20 Migration > preserves existing explicit source audio state [0.06ms]
(pass) V19 to V20 Migration > skips projects already on v20 [0.04ms]

src\services\storage\migrations\__tests__\v2-to-v3.test.ts:
(pass) V2 to V3 Migration > transformProjectV2ToV3 > adds duration to metadata [0.25ms]
(pass) V2 to V3 Migration > transformProjectV2ToV3 > calculates duration from scene tracks [0.06ms]
(pass) V2 to V3 Migration > transformProjectV2ToV3 > handles project with blur background [0.06ms]
(pass) V2 to V3 Migration > transformProjectV2ToV3 > handles empty scenes with zero duration [0.04ms]
(pass) V2 to V3 Migration > transformProjectV2ToV3 > handles scene without tracks property [0.04ms]
(pass) V2 to V3 Migration > transformProjectV2ToV3 > skips project that already has v3 structure [0.04ms]
(pass) V2 to V3 Migration > transformProjectV2ToV3 > skips project that has duration in metadata [0.04ms]
(pass) V2 to V3 Migration > transformProjectV2ToV3 > skips project with no id [0.04ms]
(pass) V2 to V3 Migration > transformProjectV2ToV3 > preserves existing metadata fields [0.05ms]
(pass) V2 to V3 Migration > transformProjectV2ToV3 > preserves settings object [0.04ms]
(pass) V2 to V3 Migration > transformProjectV2ToV3 > preserves scenes array [0.05ms]
(pass) V2 to V3 Migration > transformProjectV2ToV3 > handles project without metadata object [0.05ms]
(pass) V2 to V3 Migration > transformProjectV2ToV3 > calculates duration from main scene only [0.07ms]
(pass) V2 to V3 Migration > getProjectId > returns id from root level [0.04ms]
(pass) V2 to V3 Migration > getProjectId > returns id from metadata when root id missing [0.03ms]
(pass) V2 to V3 Migration > getProjectId > prefers root id over metadata id [0.03ms]

src\services\storage\migrations\__tests__\v20-to-v21.test.ts:
(pass) V20 to V21 Migration > multiplies blur background intensity by 5 [0.15ms]
(pass) V20 to V21 Migration > uses default blur intensity when blur type but intensity missing [0.05ms]
(pass) V20 to V21 Migration > leaves color background unchanged [0.05ms]
(pass) V20 to V21 Migration > skips projects already on v21 [0.05ms]
(pass) V20 to V21 Migration > skips projects not on v20 [0.04ms]

src\services\storage\migrations\__tests__\v21-to-v22.test.ts:
(pass) V21 to V22 Migration > migrates legacy animation channels to bindings and component channels [1.93ms]
(pass) V21 to V22 Migration > skips projects already on v22 [0.05ms]
(pass) V21 to V22 Migration > skips projects not on v21 [0.03ms]

src\services\storage\migrations\__tests__\v22-to-v23.test.ts:
(pass) V22 to V23 Migration > converts project time values from seconds to ticks and fps to a frame-rate object [0.82ms]
(pass) V22 to V23 Migration > skips projects already on v23 [0.04ms]
(pass) V22 to V23 Migration > skips projects not on v22 [0.04ms]

src\services\storage\migrations\__tests__\v3-to-v4.test.ts:
(pass) V3 to V4 Migration > normalizes legacy text fontWeight values [0.38ms]
(pass) V3 to V4 Migration > does not mutate non-text tracks [0.08ms]
(pass) V3 to V4 Migration > skips projects that are already v4 [0.03ms]
(pass) V3 to V4 Migration > skips projects with no id [0.04ms]

src\services\storage\migrations\__tests__\v4-to-v5.test.ts:
(pass) V4 to V5 Migration > migrates sticker iconName to stickerId and removes legacy color [0.42ms]
(pass) V4 to V5 Migration > keeps provider-prefixed stickerId values unchanged [0.09ms]
(pass) V4 to V5 Migration > skips projects that are already v5 [0.05ms]
(pass) V4 to V5 Migration > skips projects with no id [0.06ms]

src\services\storage\migrations\__tests__\v5-to-v6.test.ts:
(pass) V5 to V6 Migration > converts number bookmarks to Bookmark objects [0.28ms]
(pass) V5 to V6 Migration > skips projects that are already v6 [0.04ms]
(pass) V5 to V6 Migration > skips projects with no id [0.04ms]
(pass) V5 to V6 Migration > preserves existing Bookmark objects with note, color, duration [0.07ms]

src\services\storage\migrations\__tests__\v8-to-v9.test.ts:
(pass) V8 to V9 Migration > adds background.enabled from color (transparent => false, otherwise true) [0.42ms]
(pass) V8 to V9 Migration > preserves existing background.enabled if already present [0.09ms]
(pass) V8 to V9 Migration > skips non-text elements and tracks [0.07ms]
(pass) V8 to V9 Migration > skips projects that are already v9 [0.05ms]
(pass) V8 to V9 Migration > skips projects with no id [0.06ms]

src\components\editor\panels\assets\views\components\catalog-search.test.ts:
(pass) catalog search filters by name category and keywords [0.23ms]
(pass) catalog search returns all items for blank query [0.03ms]

src\components\editor\panels\assets\views\components\procedural-preview.test.ts:
(pass) motion palettes stay neutral [0.08ms]
(pass) transition palettes use different neutral plates [0.17ms]
(pass) transition photos are deterministic licensed local assets [0.08ms]

6 tests failed:
(fail) (unnamed) [0.29ms]
(fail) (unnamed) [5.02ms]

 247 pass
 6 fail
 4 errors
 662 expect() calls
Ran 253 tests across 64 files. [5.74s]
